------------------------------------------------------------------------------------------------------
      name:  <unnamed>
       log:  /Users/xuwenli/OneDrive/DSGE建模及软件编程/教学大纲与讲稿/应用计量经济学讲稿/bbb/TableII.
> log
  log type:  text
 opened on:   6 Dec 2021, 11:55:26

. use "/Users/xuwenli/OneDrive/DSGE建模及软件编程/教学大纲与讲稿/应用计量经济学讲稿/bbb/macro_workfile
> .dta", clear;
(Data for 'Big Bad Banks?' paper.)

. label var _intra "Bank deregulation";

. xtset statefip wrkyr;

Panel variable: statefip (strongly balanced)
 Time variable: wrkyr, 1976 to 2006
         Delta: 1 unit

. tabulate wrkyr, gen(wrkyr_dumm);

       Year |      Freq.     Percent        Cum.
------------+-----------------------------------
       1976 |         49        3.23        3.23
       1977 |         49        3.23        6.45
       1978 |         49        3.23        9.68
       1979 |         49        3.23       12.90
       1980 |         49        3.23       16.13
       1981 |         49        3.23       19.35
       1982 |         49        3.23       22.58
       1983 |         49        3.23       25.81
       1984 |         49        3.23       29.03
       1985 |         49        3.23       32.26
       1986 |         49        3.23       35.48
       1987 |         49        3.23       38.71
       1988 |         49        3.23       41.94
       1989 |         49        3.23       45.16
       1990 |         49        3.23       48.39
       1991 |         49        3.23       51.61
       1992 |         49        3.23       54.84
       1993 |         49        3.23       58.06
       1994 |         49        3.23       61.29
       1995 |         49        3.23       64.52
       1996 |         49        3.23       67.74
       1997 |         49        3.23       70.97
       1998 |         49        3.23       74.19
       1999 |         49        3.23       77.42
       2000 |         49        3.23       80.65
       2001 |         49        3.23       83.87
       2002 |         49        3.23       87.10
       2003 |         49        3.23       90.32
       2004 |         49        3.23       93.55
       2005 |         49        3.23       96.77
       2006 |         49        3.23      100.00
------------+-----------------------------------
      Total |      1,519      100.00

. tabulate statefip, gen(state_dumm);

 State FIPS |
       code |      Freq.     Percent        Cum.
------------+-----------------------------------
          1 |         31        2.04        2.04
          2 |         31        2.04        4.08
          4 |         31        2.04        6.12
          5 |         31        2.04        8.16
          6 |         31        2.04       10.20
          8 |         31        2.04       12.24
          9 |         31        2.04       14.29
         11 |         31        2.04       16.33
         12 |         31        2.04       18.37
         13 |         31        2.04       20.41
         15 |         31        2.04       22.45
         16 |         31        2.04       24.49
         17 |         31        2.04       26.53
         18 |         31        2.04       28.57
         19 |         31        2.04       30.61
         20 |         31        2.04       32.65
         21 |         31        2.04       34.69
         22 |         31        2.04       36.73
         23 |         31        2.04       38.78
         24 |         31        2.04       40.82
         25 |         31        2.04       42.86
         26 |         31        2.04       44.90
         27 |         31        2.04       46.94
         28 |         31        2.04       48.98
         29 |         31        2.04       51.02
         30 |         31        2.04       53.06
         31 |         31        2.04       55.10
         32 |         31        2.04       57.14
         33 |         31        2.04       59.18
         34 |         31        2.04       61.22
         35 |         31        2.04       63.27
         36 |         31        2.04       65.31
         37 |         31        2.04       67.35
         38 |         31        2.04       69.39
         39 |         31        2.04       71.43
         40 |         31        2.04       73.47
         41 |         31        2.04       75.51
         42 |         31        2.04       77.55
         44 |         31        2.04       79.59
         45 |         31        2.04       81.63
         47 |         31        2.04       83.67
         48 |         31        2.04       85.71
         49 |         31        2.04       87.76
         50 |         31        2.04       89.80
         51 |         31        2.04       91.84
         53 |         31        2.04       93.88
         54 |         31        2.04       95.92
         55 |         31        2.04       97.96
         56 |         31        2.04      100.00
------------+-----------------------------------
      Total |      1,519      100.00

. replace p10 = 1 if p10==0;
(1 real change made)

. generate logistic_gini = log(gini/(1-gini));

. generate log_gini      = log(gini);

. generate log_theil     = log(theil);

. generate log_9010      = log(p90)-log(p10);

. generate log_7525      = log(p75)-log(p25);

. local Xs gsp_pc_growth prop_blacks prop_dropouts prop_female_headed unemploymentrate;

. 
end of do-file

. do "/var/folders/jn/8f16n6y15tx7lkglcmvfw83m0000gn/T//SD01675.000000"

. set scheme s1mono

. set seed 123456

. 
end of do-file

. do "/var/folders/jn/8f16n6y15tx7lkglcmvfw83m0000gn/T//SD01675.000000"

. reg logistic_gini i.statefip i.wrkyr

      Source |       SS           df       MS      Number of obs   =     1,519
-------------+----------------------------------   F(78, 1440)     =     20.68
       Model |  7.16000045        78  .091794878   Prob > F        =    0.0000
    Residual |  6.39228457     1,440  .004439087   R-squared       =    0.5283
-------------+----------------------------------   Adj R-squared   =    0.5028
       Total |   13.552285     1,518  .008927724   Root MSE        =    .06663

------------------------------------------------------------------------------
logistic_g~i | Coefficient  Std. err.      t    P>|t|     [95% conf. interval]
-------------+----------------------------------------------------------------
    statefip |
          2  |   -.052811   .0169231    -3.12   0.002    -.0860077   -.0196144
          4  |  -.0155722   .0169231    -0.92   0.358    -.0487689    .0176244
          5  |  -.0474225   .0169231    -2.80   0.005    -.0806192   -.0142259
          6  |  -.0163602   .0169231    -0.97   0.334    -.0495568    .0168364
          8  |  -.0720114   .0169231    -4.26   0.000    -.1052081   -.0388148
          9  |  -.1048406   .0169231    -6.20   0.000    -.1380373    -.071644
         11  |  -.0810396   .0169231    -4.79   0.000    -.1142362   -.0478429
         12  |  -.0457563   .0169231    -2.70   0.007    -.0789529   -.0125596
         13  |  -.0655471   .0169231    -3.87   0.000    -.0987438   -.0323505
         15  |  -.1785526   .0169231   -10.55   0.000    -.2117492   -.1453559
         16  |   -.042103   .0169231    -2.49   0.013    -.0752997   -.0089064
         17  |  -.0612282   .0169231    -3.62   0.000    -.0944249   -.0280316
         18  |  -.1120496   .0169231    -6.62   0.000    -.1452462   -.0788529
         19  |  -.1296547   .0169231    -7.66   0.000    -.1628513    -.096458
         20  |   -.075484   .0169231    -4.46   0.000    -.1086806   -.0422873
         21  |  -.0195369   .0169231    -1.15   0.249    -.0527335    .0136598
         22  |   .0237791   .0169231     1.41   0.160    -.0094176    .0569757
         23  |  -.1109839   .0169231    -6.56   0.000    -.1441806   -.0777873
         24  |  -.1289223   .0169231    -7.62   0.000     -.162119   -.0957257
         25  |   -.082097   .0169231    -4.85   0.000    -.1152936   -.0489003
         26  |  -.0294442   .0169231    -1.74   0.082    -.0626408    .0037525
         27  |  -.1182606   .0169231    -6.99   0.000    -.1514572   -.0850639
         28  |  -.0277093   .0169231    -1.64   0.102     -.060906    .0054873
         29  |  -.0954837   .0169231    -5.64   0.000    -.1286804   -.0622871
         30  |  -.0605504   .0169231    -3.58   0.000     -.093747   -.0273537
         31  |  -.1128968   .0169231    -6.67   0.000    -.1460934   -.0797001
         32  |  -.1517911   .0169231    -8.97   0.000    -.1849878   -.1185945
         33  |  -.1414672   .0169231    -8.36   0.000    -.1746638   -.1082705
         34  |  -.0471228   .0169231    -2.78   0.005    -.0803195   -.0139262
         35  |    .038703   .0169231     2.29   0.022     .0055063    .0718996
         36  |  -.0063246   .0169231    -0.37   0.709    -.0395213     .026872
         37  |  -.1035334   .0169231    -6.12   0.000      -.13673   -.0703367
         38  |  -.1101896   .0169231    -6.51   0.000    -.1433863    -.076993
         39  |  -.0656003   .0169231    -3.88   0.000     -.098797   -.0324037
         40  |  -.0304607   .0169231    -1.80   0.072    -.0636574    .0027359
         41  |  -.0384417   .0169231    -2.27   0.023    -.0716384   -.0052451
         42  |  -.0370716   .0169231    -2.19   0.029    -.0702682   -.0038749
         44  |   -.127943   .0169231    -7.56   0.000    -.1611397   -.0947464
         45  |  -.1200769   .0169231    -7.10   0.000    -.1532736   -.0868803
         47  |  -.0172109   .0169231    -1.02   0.309    -.0504075    .0159858
         48  |  -.0045391   .0169231    -0.27   0.789    -.0377358    .0286575
         49  |  -.0169539   .0169231    -1.00   0.317    -.0501506    .0162427
         50  |  -.1408863   .0169231    -8.33   0.000     -.174083   -.1076897
         51  |   -.069521   .0169231    -4.11   0.000    -.1027177   -.0363244
         53  |   -.052547   .0169231    -3.11   0.002    -.0857436   -.0193503
         54  |   .0098905   .0169231     0.58   0.559    -.0233061    .0430872
         55  |  -.1560736   .0169231    -9.22   0.000    -.1892703    -.122877
         56  |  -.0573059   .0169231    -3.39   0.001    -.0905026   -.0241093
             |
       wrkyr |
       1977  |   .0033284   .0134606     0.25   0.805    -.0230761    .0297328
       1978  |   .0822795   .0134606     6.11   0.000     .0558751     .108684
       1979  |   .1273737   .0134606     9.46   0.000     .1009692    .1537781
       1980  |   .1001332   .0134606     7.44   0.000     .0737287    .1265376
       1981  |   .1232396   .0134606     9.16   0.000     .0968352     .149644
       1982  |   .2756399   .0134606    20.48   0.000     .2492354    .3020443
       1983  |   .1431803   .0134606    10.64   0.000     .1167759    .1695848
       1984  |     .13087   .0134606     9.72   0.000     .1044656    .1572745
       1985  |   .1230927   .0134606     9.14   0.000     .0966882    .1494971
       1986  |    .126578   .0134606     9.40   0.000     .1001736    .1529825
       1987  |   .0996686   .0134606     7.40   0.000     .0732641     .126073
       1988  |   .0793042   .0134606     5.89   0.000     .0528997    .1057086
       1989  |   .0868271   .0134606     6.45   0.000     .0604227    .1132316
       1990  |   .0669445   .0134606     4.97   0.000     .0405401     .093349
       1991  |   .0655799   .0134606     4.87   0.000     .0391755    .0919844
       1992  |   .0732273   .0134606     5.44   0.000     .0468229    .0996317
       1993  |    .083871   .0134606     6.23   0.000     .0574665    .1102754
       1994  |   .0794137   .0134606     5.90   0.000     .0530093    .1058182
       1995  |    .136407   .0134606    10.13   0.000     .1100025    .1628114
       1996  |   .1036615   .0134606     7.70   0.000     .0772571     .130066
       1997  |   .1244973   .0134606     9.25   0.000     .0980929    .1509018
       1998  |   .0971417   .0134606     7.22   0.000     .0707373    .1235462
       1999  |   .0866314   .0134606     6.44   0.000      .060227    .1130359
       2000  |   .1321488   .0134606     9.82   0.000     .1057444    .1585533
       2001  |   .1136934   .0134606     8.45   0.000      .087289    .1400979
       2002  |    .112751   .0134606     8.38   0.000     .0863465    .1391554
       2003  |   .1286637   .0134606     9.56   0.000     .1022593    .1550682
       2004  |   .1135335   .0134606     8.43   0.000     .0871291     .139938
       2005  |   .1478221   .0134606    10.98   0.000     .1214177    .1742266
       2006  |   .1291087   .0134606     9.59   0.000     .1027043    .1555132
             |
       _cons |  -.3186316   .0151943   -20.97   0.000    -.3484369   -.2888262
------------------------------------------------------------------------------

. predict yres_lgini, resid

. replace yres_lgini = . if logistic_gini==.
(0 real changes made)

. 
end of do-file

. do "/var/folders/jn/8f16n6y15tx7lkglcmvfw83m0000gn/T//SD01675.000000"

. reg _intra i.statefip i.wrkyr if logistic_gini!=.

      Source |       SS           df       MS      Number of obs   =     1,519
-------------+----------------------------------   F(78, 1440)     =     31.84
       Model |  191.782752        78  2.45875323   Prob > F        =    0.0000
    Residual |  111.191573     1,440   .07721637   R-squared       =    0.6330
-------------+----------------------------------   Adj R-squared   =    0.6131
       Total |  302.974325     1,518   .19958783   Root MSE        =    .27788

------------------------------------------------------------------------------
      _intra | Coefficient  Std. err.      t    P>|t|     [95% conf. interval]
-------------+----------------------------------------------------------------
    statefip |
          2  |   .1935484   .0705812     2.74   0.006     .0550955    .3320013
          4  |   .1935484   .0705812     2.74   0.006     .0550955    .3320013
          5  |  -.4193548   .0705812    -5.94   0.000    -.5578078   -.2809019
          6  |   .1935484   .0705812     2.74   0.006     .0550955    .3320013
          8  |  -.3225806   .0705812    -4.57   0.000    -.4610336   -.1841277
          9  |   .0322581   .0705812     0.46   0.648    -.1061949     .170711
         11  |   .1935484   .0705812     2.74   0.006     .0550955    .3320013
         12  |  -.2258065   .0705812    -3.20   0.001    -.3642594   -.0873535
         13  |  -.0645161   .0705812    -0.91   0.361     -.202969    .0739368
         15  |  -.1612903   .0705812    -2.29   0.022    -.2997432   -.0228374
         16  |   .1935484   .0705812     2.74   0.006     .0550955    .3320013
         17  |  -.2258065   .0705812    -3.20   0.001    -.3642594   -.0873535
         18  |  -.2580645   .0705812    -3.66   0.000    -.3965174   -.1196116
         19  |  -.5806452   .0705812    -8.23   0.000    -.7190981   -.4421922
         20  |  -.1935484   .0705812    -2.74   0.006    -.3320013   -.0550955
         21  |  -.2903226   .0705812    -4.11   0.000    -.4287755   -.1518697
         22  |  -.2258065   .0705812    -3.20   0.001    -.3642594   -.0873535
         23  |   .1935484   .0705812     2.74   0.006     .0550955    .3320013
         24  |   .1935484   .0705812     2.74   0.006     .0550955    .3320013
         25  |  -.0967742   .0705812    -1.37   0.171    -.2352271    .0416787
         26  |  -.1935484   .0705812    -2.74   0.006    -.3320013   -.0550955
         27  |  -.3870968   .0705812    -5.48   0.000    -.5255497   -.2486439
         28  |  -.1612903   .0705812    -2.29   0.022    -.2997432   -.0228374
         29  |  -.2903226   .0705812    -4.11   0.000    -.4287755   -.1518697
         30  |  -.2903226   .0705812    -4.11   0.000    -.4287755   -.1518697
         31  |  -.1290323   .0705812    -1.83   0.068    -.2674852    .0094207
         32  |   .1935484   .0705812     2.74   0.006     .0550955    .3320013
         33  |  -.1935484   .0705812    -2.74   0.006    -.3320013   -.0550955
         34  |   .1290323   .0705812     1.83   0.068    -.0094207    .2674852
         35  |  -.3225806   .0705812    -4.57   0.000    -.4610336   -.1841277
         36  |   .1612903   .0705812     2.29   0.022     .0228374    .2997432
         37  |   .1935484   .0705812     2.74   0.006     .0550955    .3320013
         38  |  -.1935484   .0705812    -2.74   0.006    -.3320013   -.0550955
         39  |   .0645161   .0705812     0.91   0.361    -.0739368     .202969
         40  |  -.2258065   .0705812    -3.20   0.001    -.3642594   -.0873535
         41  |  -.1290323   .0705812    -1.83   0.068    -.2674852    .0094207
         42  |  -.0322581   .0705812    -0.46   0.648     -.170711    .1061949
         44  |   .1935484   .0705812     2.74   0.006     .0550955    .3320013
         45  |   .1935484   .0705812     2.74   0.006     .0550955    .3320013
         47  |  -.1290323   .0705812    -1.83   0.068    -.2674852    .0094207
         48  |  -.2258065   .0705812    -3.20   0.001    -.3642594   -.0873535
         49  |   2.92e-15   .0705812     0.00   1.000    -.1384529    .1384529
         50  |   .1935484   .0705812     2.74   0.006     .0550955    .3320013
         51  |   .0967742   .0705812     1.37   0.171    -.0416787    .2352271
         53  |  -.1290323   .0705812    -1.83   0.068    -.2674852    .0094207
         54  |  -.1935484   .0705812    -2.74   0.006    -.3320013   -.0550955
         55  |  -.2903226   .0705812    -4.11   0.000    -.4287755   -.1518697
         56  |  -.2258065   .0705812    -3.20   0.001    -.3642594   -.0873535
             |
       wrkyr |
       1977  |   .0204082   .0561399     0.36   0.716    -.0897166    .1305329
       1978  |   .0408163   .0561399     0.73   0.467    -.0693084    .1509411
       1979  |   .0612245   .0561399     1.09   0.276    -.0489003    .1713492
       1980  |   .0816327   .0561399     1.45   0.146    -.0284921    .1917574
       1981  |   .1020408   .0561399     1.82   0.069    -.0080839    .2121656
       1982  |   .1428571   .0561399     2.54   0.011     .0327324    .2529819
       1983  |   .1632653   .0561399     2.91   0.004     .0531406    .2733901
       1984  |   .1836735   .0561399     3.27   0.001     .0735487    .2937982
       1985  |   .2040816   .0561399     3.64   0.000     .0939569    .3142064
       1986  |   .2857143   .0561399     5.09   0.000     .1755895     .395839
       1987  |   .3265306   .0561399     5.82   0.000     .2164059    .4366554
       1988  |   .4285714   .0561399     7.63   0.000     .3184467    .5386962
       1989  |   .5510204   .0561399     9.82   0.000     .4408957    .6611452
       1990  |   .5714286   .0561399    10.18   0.000     .4613038    .6815533
       1991  |   .6530612   .0561399    11.63   0.000     .5429365     .763186
       1992  |   .6938776   .0561399    12.36   0.000     .5837528    .8040023
       1993  |   .6938776   .0561399    12.36   0.000     .5837528    .8040023
       1994  |   .7142857   .0561399    12.72   0.000      .604161    .8244105
       1995  |   .7346939   .0561399    13.09   0.000     .6245691    .8448186
       1996  |   .7346939   .0561399    13.09   0.000     .6245691    .8448186
       1997  |   .7346939   .0561399    13.09   0.000     .6245691    .8448186
       1998  |   .7346939   .0561399    13.09   0.000     .6245691    .8448186
       1999  |   .7346939   .0561399    13.09   0.000     .6245691    .8448186
       2000  |    .755102   .0561399    13.45   0.000     .6449773    .8652268
       2001  |    .755102   .0561399    13.45   0.000     .6449773    .8652268
       2002  |    .755102   .0561399    13.45   0.000     .6449773    .8652268
       2003  |    .755102   .0561399    13.45   0.000     .6449773    .8652268
       2004  |    .755102   .0561399    13.45   0.000     .6449773    .8652268
       2005  |    .755102   .0561399    13.45   0.000     .6449773    .8652268
       2006  |    .755102   .0561399    13.45   0.000     .6449773    .8652268
             |
       _cons |   .3265306   .0633708     5.15   0.000     .2022216    .4508396
------------------------------------------------------------------------------

. predict tres_intra, resid

. replace tres_lgini = . if logistic_gini==.
variable tres_lgini not found
r(111);

end of do-file

r(111);

. do "/var/folders/jn/8f16n6y15tx7lkglcmvfw83m0000gn/T//SD01675.000000"

. reg _intra i.statefip i.wrkyr if logistic_gini!=.

      Source |       SS           df       MS      Number of obs   =     1,519
-------------+----------------------------------   F(78, 1440)     =     31.84
       Model |  191.782752        78  2.45875323   Prob > F        =    0.0000
    Residual |  111.191573     1,440   .07721637   R-squared       =    0.6330
-------------+----------------------------------   Adj R-squared   =    0.6131
       Total |  302.974325     1,518   .19958783   Root MSE        =    .27788

------------------------------------------------------------------------------
      _intra | Coefficient  Std. err.      t    P>|t|     [95% conf. interval]
-------------+----------------------------------------------------------------
    statefip |
          2  |   .1935484   .0705812     2.74   0.006     .0550955    .3320013
          4  |   .1935484   .0705812     2.74   0.006     .0550955    .3320013
          5  |  -.4193548   .0705812    -5.94   0.000    -.5578078   -.2809019
          6  |   .1935484   .0705812     2.74   0.006     .0550955    .3320013
          8  |  -.3225806   .0705812    -4.57   0.000    -.4610336   -.1841277
          9  |   .0322581   .0705812     0.46   0.648    -.1061949     .170711
         11  |   .1935484   .0705812     2.74   0.006     .0550955    .3320013
         12  |  -.2258065   .0705812    -3.20   0.001    -.3642594   -.0873535
         13  |  -.0645161   .0705812    -0.91   0.361     -.202969    .0739368
         15  |  -.1612903   .0705812    -2.29   0.022    -.2997432   -.0228374
         16  |   .1935484   .0705812     2.74   0.006     .0550955    .3320013
         17  |  -.2258065   .0705812    -3.20   0.001    -.3642594   -.0873535
         18  |  -.2580645   .0705812    -3.66   0.000    -.3965174   -.1196116
         19  |  -.5806452   .0705812    -8.23   0.000    -.7190981   -.4421922
         20  |  -.1935484   .0705812    -2.74   0.006    -.3320013   -.0550955
         21  |  -.2903226   .0705812    -4.11   0.000    -.4287755   -.1518697
         22  |  -.2258065   .0705812    -3.20   0.001    -.3642594   -.0873535
         23  |   .1935484   .0705812     2.74   0.006     .0550955    .3320013
         24  |   .1935484   .0705812     2.74   0.006     .0550955    .3320013
         25  |  -.0967742   .0705812    -1.37   0.171    -.2352271    .0416787
         26  |  -.1935484   .0705812    -2.74   0.006    -.3320013   -.0550955
         27  |  -.3870968   .0705812    -5.48   0.000    -.5255497   -.2486439
         28  |  -.1612903   .0705812    -2.29   0.022    -.2997432   -.0228374
         29  |  -.2903226   .0705812    -4.11   0.000    -.4287755   -.1518697
         30  |  -.2903226   .0705812    -4.11   0.000    -.4287755   -.1518697
         31  |  -.1290323   .0705812    -1.83   0.068    -.2674852    .0094207
         32  |   .1935484   .0705812     2.74   0.006     .0550955    .3320013
         33  |  -.1935484   .0705812    -2.74   0.006    -.3320013   -.0550955
         34  |   .1290323   .0705812     1.83   0.068    -.0094207    .2674852
         35  |  -.3225806   .0705812    -4.57   0.000    -.4610336   -.1841277
         36  |   .1612903   .0705812     2.29   0.022     .0228374    .2997432
         37  |   .1935484   .0705812     2.74   0.006     .0550955    .3320013
         38  |  -.1935484   .0705812    -2.74   0.006    -.3320013   -.0550955
         39  |   .0645161   .0705812     0.91   0.361    -.0739368     .202969
         40  |  -.2258065   .0705812    -3.20   0.001    -.3642594   -.0873535
         41  |  -.1290323   .0705812    -1.83   0.068    -.2674852    .0094207
         42  |  -.0322581   .0705812    -0.46   0.648     -.170711    .1061949
         44  |   .1935484   .0705812     2.74   0.006     .0550955    .3320013
         45  |   .1935484   .0705812     2.74   0.006     .0550955    .3320013
         47  |  -.1290323   .0705812    -1.83   0.068    -.2674852    .0094207
         48  |  -.2258065   .0705812    -3.20   0.001    -.3642594   -.0873535
         49  |   2.92e-15   .0705812     0.00   1.000    -.1384529    .1384529
         50  |   .1935484   .0705812     2.74   0.006     .0550955    .3320013
         51  |   .0967742   .0705812     1.37   0.171    -.0416787    .2352271
         53  |  -.1290323   .0705812    -1.83   0.068    -.2674852    .0094207
         54  |  -.1935484   .0705812    -2.74   0.006    -.3320013   -.0550955
         55  |  -.2903226   .0705812    -4.11   0.000    -.4287755   -.1518697
         56  |  -.2258065   .0705812    -3.20   0.001    -.3642594   -.0873535
             |
       wrkyr |
       1977  |   .0204082   .0561399     0.36   0.716    -.0897166    .1305329
       1978  |   .0408163   .0561399     0.73   0.467    -.0693084    .1509411
       1979  |   .0612245   .0561399     1.09   0.276    -.0489003    .1713492
       1980  |   .0816327   .0561399     1.45   0.146    -.0284921    .1917574
       1981  |   .1020408   .0561399     1.82   0.069    -.0080839    .2121656
       1982  |   .1428571   .0561399     2.54   0.011     .0327324    .2529819
       1983  |   .1632653   .0561399     2.91   0.004     .0531406    .2733901
       1984  |   .1836735   .0561399     3.27   0.001     .0735487    .2937982
       1985  |   .2040816   .0561399     3.64   0.000     .0939569    .3142064
       1986  |   .2857143   .0561399     5.09   0.000     .1755895     .395839
       1987  |   .3265306   .0561399     5.82   0.000     .2164059    .4366554
       1988  |   .4285714   .0561399     7.63   0.000     .3184467    .5386962
       1989  |   .5510204   .0561399     9.82   0.000     .4408957    .6611452
       1990  |   .5714286   .0561399    10.18   0.000     .4613038    .6815533
       1991  |   .6530612   .0561399    11.63   0.000     .5429365     .763186
       1992  |   .6938776   .0561399    12.36   0.000     .5837528    .8040023
       1993  |   .6938776   .0561399    12.36   0.000     .5837528    .8040023
       1994  |   .7142857   .0561399    12.72   0.000      .604161    .8244105
       1995  |   .7346939   .0561399    13.09   0.000     .6245691    .8448186
       1996  |   .7346939   .0561399    13.09   0.000     .6245691    .8448186
       1997  |   .7346939   .0561399    13.09   0.000     .6245691    .8448186
       1998  |   .7346939   .0561399    13.09   0.000     .6245691    .8448186
       1999  |   .7346939   .0561399    13.09   0.000     .6245691    .8448186
       2000  |    .755102   .0561399    13.45   0.000     .6449773    .8652268
       2001  |    .755102   .0561399    13.45   0.000     .6449773    .8652268
       2002  |    .755102   .0561399    13.45   0.000     .6449773    .8652268
       2003  |    .755102   .0561399    13.45   0.000     .6449773    .8652268
       2004  |    .755102   .0561399    13.45   0.000     .6449773    .8652268
       2005  |    .755102   .0561399    13.45   0.000     .6449773    .8652268
       2006  |    .755102   .0561399    13.45   0.000     .6449773    .8652268
             |
       _cons |   .3265306   .0633708     5.15   0.000     .2022216    .4508396
------------------------------------------------------------------------------

. predict tres_lgini, resid

. replace tres_lgini = . if logistic_gini==.
(0 real changes made)

. 
end of do-file

. do "/var/folders/jn/8f16n6y15tx7lkglcmvfw83m0000gn/T//SD01675.000000"

. gen tresp2 = tres_lgini*tres_intra if logistic_gini!=.

. egen tvariance = sum(tresp2)

. gen weight_lgini = tres_lgini/tvariance 

. replace weight_lgini = . if logistic_gini==.
(0 real changes made)

. 
end of do-file

. do "/var/folders/jn/8f16n6y15tx7lkglcmvfw83m0000gn/T//SD01675.000000"

. gen yxtres_lgini = logistic_gini*tres_lgini if logistic_gini!=.

. egen numer = sum(yxtres_lgini)

. gen betahat = numer/tvariance

. 
. drop tresp2 tvariance numer betahat

. 
end of do-file

. do "/var/folders/jn/8f16n6y15tx7lkglcmvfw83m0000gn/T//SD01675.000000"

. // 权重直方图
. tw ///
>         (histogram weight_lgini if _intra==0, frac bcolor(vermillion%40)) ///
>         (histogram weight_lgini if _intra==1, frac bcolor(sea%60)), ///
>         xtitle(" " "余值化处理变量") xlabel(-0.03(0.01)0.03) ///
>         legend(order(2 1) label(1 "控制组") label(2 "处理组") col(1) ring(0) pos(11) size(small)) //
> /
>         plotregion(margin(small))
(note:  named style vermillion not found in class color, default attributes used)
(note:  named style vermillion not found in class color, default attributes used)
(note:  named style sea not found in class color, default attributes used)
(note:  named style sea not found in class color, default attributes used)

. 
end of do-file

. do "/var/folders/jn/8f16n6y15tx7lkglcmvfw83m0000gn/T//SD01675.000000"

. // 权重直方图
. tw ///
>         (histogram weight_lgini if _intra==0, frac bcolor(vermillion%40)) ///
>         (histogram weight_lgini if _intra==1, frac bcolor(sea%60)), ///
>         xtitle(" " "余值化处理变量") xlabel(-0.007(0.001)0.007) ///
>         legend(order(2 1) label(1 "控制组") label(2 "处理组") col(1) ring(0) pos(11) size(small)) //
> /
>         plotregion(margin(small))
(note:  named style vermillion not found in class color, default attributes used)
(note:  named style vermillion not found in class color, default attributes used)
(note:  named style sea not found in class color, default attributes used)
(note:  named style sea not found in class color, default attributes used)

. 
end of do-file

. do "/var/folders/jn/8f16n6y15tx7lkglcmvfw83m0000gn/T//SD01675.000000"

. // 权重直方图
. tw ///
>         (histogram weight_lgini if _intra==0, frac bcolor(vermillion%40)) ///
>         (histogram weight_lgini if _intra==1, frac bcolor(sea%60)), ///
>         xtitle(" " "余值化处理变量") xlabel(-0.007(0.001)0.006) ytitle(" " "比重") ///
>         legend(order(2 1) label(1 "控制组") label(2 "处理组") col(1) ring(0) pos(11) size(small)) //
> /
>         plotregion(margin(small))
(note:  named style vermillion not found in class color, default attributes used)
(note:  named style vermillion not found in class color, default attributes used)
(note:  named style sea not found in class color, default attributes used)
(note:  named style sea not found in class color, default attributes used)

. 
end of do-file

. do "/Users/xuwenli/OneDrive/DSGE建模及软件编程/教学大纲与讲稿/应用计量经济学讲稿/Diagnostics_TWFE/TW
> FE/do/FPE-resid-plots-2021-03-24.do"

. 
. // PRELIMINARIES
. 
. clear all

. set more off

. set scheme s1mono

. set seed 123456

. 
. // LOAD DATA
. 
. cd "/Users/xuwenli/OneDrive/DSGE建模及软件编程/教学大纲与讲稿/应用计量经济学讲稿/Diagnostics_TWFE/TW
> FE"
/Users/xuwenli/OneDrive/DSGE建模及软件编程/教学大纲与讲稿/应用计量经济学讲稿/Diagnostics_TWFE/TWFE

. use WDI-FPE-data.dta

. 
. 
. 
. // GENERATE WEIGHTS
. 
. ** primary
. 
. reg primary i.year i.id

      Source |       SS           df       MS      Number of obs   =       490
-------------+----------------------------------   F(48, 441)      =     26.04
       Model |  302501.476        48  6302.11407   Prob > F        =    0.0000
    Residual |  106714.943       441  241.983998   R-squared       =    0.7392
-------------+----------------------------------   Adj R-squared   =    0.7108
       Total |  409216.419       489  836.843392   Root MSE        =    15.556

------------------------------------------------------------------------------
     primary | Coefficient  Std. err.      t    P>|t|     [95% conf. interval]
-------------+----------------------------------------------------------------
        year |
       1982  |   1.259226   5.879553     0.21   0.831     -10.2962    12.81465
       1983  |   1.235221   5.879553     0.21   0.834     -10.3202    12.79065
       1984  |   .7391054   5.879553     0.13   0.900    -10.81632    12.29453
       1985  |   .8244025   5.879553     0.14   0.889    -10.73102    12.37983
       1986  |    1.63028   5.784442     0.28   0.778    -9.738217    12.99878
       1987  |   1.675476   5.784442     0.29   0.772    -9.693022    13.04397
       1988  |   1.504413   5.784442     0.26   0.795    -9.864085    12.87291
       1989  |   1.251875   5.784442     0.22   0.829    -10.11662    12.62037
       1990  |   .3935539   5.784442     0.07   0.946    -10.97494    11.76205
       1991  |    1.84198   5.784442     0.32   0.750    -9.526518    13.21048
       1992  |   .8180903   5.886942     0.14   0.890    -10.75186    12.38804
       1993  |   1.491104   6.135415     0.24   0.808    -10.56718    13.54939
       1994  |   2.960316   6.002689     0.49   0.622    -8.837117    14.75775
       1995  |   5.875676   5.886939     1.00   0.319    -5.694265    17.44562
       1996  |   5.414094   6.135623     0.88   0.378    -6.644601    17.47279
       1997  |   7.507152    6.46724     1.16   0.246    -5.203289    20.21759
       1998  |   10.68808   5.886706     1.82   0.070    -.8814068    22.25756
       1999  |   11.31445   5.784442     1.96   0.051    -.0540429    22.68295
       2000  |   14.67322   5.784442     2.54   0.012     3.304719    26.04171
       2001  |   18.02832   5.784442     3.12   0.002     6.659822    29.39682
       2002  |    20.6567   5.784442     3.57   0.000     9.288203     32.0252
       2003  |   24.09569    6.13537     3.93   0.000      12.0375    36.15389
       2004  |   26.75399   5.784442     4.63   0.000     15.38549    38.12249
       2005  |    29.4223   5.784442     5.09   0.000      18.0538     40.7908
       2006  |   32.54436   5.784442     5.63   0.000     21.17586    43.91286
       2007  |    35.7467   5.886601     6.07   0.000     24.17743    47.31598
       2008  |   38.86953   5.784442     6.72   0.000     27.50103    50.23802
       2009  |   39.37572   5.784442     6.81   0.000     28.00722    50.74422
       2010  |   42.06264   6.002889     7.01   0.000     30.26481    53.86046
       2011  |   43.26034    5.99526     7.22   0.000     31.47751    55.04317
       2012  |   40.82234   5.784442     7.06   0.000     29.45384    52.19083
       2013  |   41.24244   6.135201     6.72   0.000     29.18458    53.30031
       2014  |   42.05784   5.994835     7.02   0.000     30.27584    53.83984
       2015  |   40.63476   5.879553     6.91   0.000     29.07934    52.19019
             |
          id |
          4  |   -37.9781   3.777634   -10.05   0.000     -45.4025    -30.5537
          5  |  -8.937229   3.776971    -2.37   0.018    -16.36033   -1.514129
          7  |   12.06365   3.808089     3.17   0.002     4.579389     19.5479
         17  |  -28.75635   3.777155    -7.61   0.000    -36.17981   -21.33289
         20  |  -2.284684   3.807572    -0.60   0.549    -9.767925    5.198556
         23  |   16.07118   3.911439     4.11   0.000     8.383804    23.75856
         24  |   22.73871   3.747742     6.07   0.000     15.37306    30.10437
         27  |   25.17274   3.808589     6.61   0.000      17.6875    32.65798
         31  |   .7861936   3.841172     0.20   0.838    -6.763083    8.335471
         32  |   30.80363   4.031673     7.64   0.000     22.87995    38.72731
         35  |    20.7255   3.874535     5.35   0.000     13.11065    28.34035
         44  |  -1.882315   3.747742    -0.50   0.616    -9.247969    5.483338
         46  |   12.10958   3.776972     3.21   0.001     4.686478    19.53268
         47  |   8.528961   3.875194     2.20   0.028      .912817     16.1451
             |
       _cons |   69.55332   4.891717    14.22   0.000     59.93935     79.1673
------------------------------------------------------------------------------

. predict yres_primary, resid
(35 missing values generated)

. replace yres_primary = . if primary==.
(0 real changes made)

. 
. reg treatment i.year i.id if primary!=.

      Source |       SS           df       MS      Number of obs   =       490
-------------+----------------------------------   F(48, 441)      =     28.54
       Model |  88.4961287        48  1.84366935   Prob > F        =    0.0000
    Residual |   28.485504       441   .06459298   R-squared       =    0.7565
-------------+----------------------------------   Adj R-squared   =    0.7300
       Total |  116.981633       489  .239226243   Root MSE        =    .25415

------------------------------------------------------------------------------
   treatment | Coefficient  Std. err.      t    P>|t|     [95% conf. interval]
-------------+----------------------------------------------------------------
        year |
       1982  |  -7.38e-16   .0960602    -0.00   1.000    -.1887927    .1887927
       1983  |  -8.01e-16   .0960602    -0.00   1.000    -.1887927    .1887927
       1984  |  -7.42e-16   .0960602    -0.00   1.000    -.1887927    .1887927
       1985  |  -6.53e-16   .0960602    -0.00   1.000    -.1887927    .1887927
       1986  |   .0262841   .0945063     0.28   0.781    -.1594546    .2120228
       1987  |   .0262841   .0945063     0.28   0.781    -.1594546    .2120228
       1988  |   .0262841   .0945063     0.28   0.781    -.1594546    .2120228
       1989  |   .0262841   .0945063     0.28   0.781    -.1594546    .2120228
       1990  |   .0262841   .0945063     0.28   0.781    -.1594546    .2120228
       1991  |   .0262841   .0945063     0.28   0.781    -.1594546    .2120228
       1992  |    .026687    .096181     0.28   0.782     -.162343     .215717
       1993  |   .0318273   .1002405     0.32   0.751    -.1651811    .2288358
       1994  |   .0965148    .098072     0.98   0.326    -.0962318    .2892615
       1995  |   .1685194   .0961809     1.75   0.080    -.0205104    .3575493
       1996  |   .2707176   .1002439     2.70   0.007     .0737025    .4677328
       1997  |    .329737   .1056619     3.12   0.002     .1220736    .5374004
       1998  |   .2523205   .0961771     2.62   0.009     .0632981    .4413429
       1999  |   .2929507   .0945063     3.10   0.002      .107212    .4786894
       2000  |   .3596174   .0945063     3.81   0.000     .1738787    .5453561
       2001  |   .4262841   .0945063     4.51   0.000     .2405454    .6120228
       2002  |   .4929507   .0945063     5.22   0.000      .307212    .6786894
       2003  |   .6240591   .1002398     6.23   0.000      .427052    .8210661
       2004  |   .6262841   .0945063     6.63   0.000     .4405454    .8120228
       2005  |   .7596174   .0945063     8.04   0.000     .5738787    .9453561
       2006  |   .8929507   .0945063     9.45   0.000      .707212    1.078689
       2007  |   .9468477   .0961754     9.85   0.000     .7578286    1.135867
       2008  |   .9596174   .0945063    10.15   0.000     .7738787    1.145356
       2009  |   .9596174   .0945063    10.15   0.000     .7738787    1.145356
       2010  |   .9613609   .0980753     9.80   0.000     .7686078    1.154114
       2011  |   .9973235   .0979507    10.18   0.000     .8048154    1.189832
       2012  |   .9596174   .0945063    10.15   0.000     .7738787    1.145356
       2013  |   1.049243    .100237    10.47   0.000     .8522411    1.246244
       2014  |   1.009859   .0979437    10.31   0.000     .8173644    1.202353
       2015  |          1   .0960602    10.41   0.000     .8112073    1.188793
             |
          id |
          4  |  -.0181503    .061719    -0.29   0.769    -.1394503    .1031497
          5  |   .0338137   .0617082     0.55   0.584     -.087465    .1550925
          7  |   .1816918   .0622166     2.92   0.004     .0594139    .3039697
         17  |    .326541   .0617112     5.29   0.000     .2052564    .4478257
         20  |   .2766194   .0622082     4.45   0.000     .1543581    .3988807
         23  |   .1035987   .0639052     1.62   0.106    -.0219978    .2291952
         24  |   .0054727   .0612307     0.09   0.929    -.1148674    .1258129
         27  |   .3293501   .0622248     5.29   0.000     .2070562    .4516441
         31  |   .0625275   .0627571     1.00   0.320    -.0608127    .1858677
         32  |  -.2558674   .0658695    -3.88   0.000    -.3853246   -.1264102
         35  |   .1034049   .0633022     1.63   0.103    -.0210066    .2278164
         44  |   .1483299   .0612307     2.42   0.016     .0279897    .2686701
         46  |   .2665592   .0617082     4.32   0.000     .1452804    .3878379
         47  |    .117751    .063313     1.86   0.064    -.0066816    .2421837
             |
       _cons |  -.1383935    .079921    -1.73   0.084    -.2954668    .0186797
------------------------------------------------------------------------------

. predict tres_primary, resid

. replace tres_primary = . if primary==.
(35 real changes made, 35 to missing)

. 
. gen tresp2 = tres_primary*tres_primary if primary!=.
(35 missing values generated)

. egen tvariance = sum(tresp2)

. gen weight_primary = tres_primary/tvariance 
(35 missing values generated)

. replace weight_primary = . if primary==.
(0 real changes made)

. 
. gen yxtres_primary = primary*tres_primary if primary!=.
(35 missing values generated)

. egen numer = sum(yxtres_primary)

. gen betahat = numer/tvariance

. 
. drop tresp2 tvariance numer betahat

. 
. ** secondary
. 
. reg secondary i.year i.id

      Source |       SS           df       MS      Number of obs   =       369
-------------+----------------------------------   F(48, 320)      =    108.57
       Model |  89210.1786        48  1858.54539   Prob > F        =    0.0000
    Residual |   5478.0233       320  17.1188228   R-squared       =    0.9421
-------------+----------------------------------   Adj R-squared   =    0.9335
       Total |  94688.2019       368  257.304896   Root MSE        =    4.1375

------------------------------------------------------------------------------
   secondary | Coefficient  Std. err.      t    P>|t|     [95% conf. interval]
-------------+----------------------------------------------------------------
        year |
       1982  |   .7962491   1.622857     0.49   0.624    -2.396568    3.989066
       1983  |   1.624409   1.660477     0.98   0.329    -1.642421     4.89124
       1984  |   1.700464   1.663057     1.02   0.307    -1.571443    4.972372
       1985  |   2.682103   1.622857     1.65   0.099    -.5107138     5.87492
       1986  |   1.882682   1.570378     1.20   0.231    -1.206887    4.972251
       1987  |   2.222084   1.570378     1.41   0.158    -.8674848    5.311653
       1988  |   3.108321   1.628785     1.91   0.057    -.0961575      6.3128
       1989  |   2.423189   1.755884     1.38   0.169    -1.031347    5.877725
       1990  |   2.832879   1.702571     1.66   0.097    -.5167682    6.182526
       1991  |   3.468126   1.708006     2.03   0.043     .1077866    6.828464
       1992  |   4.183042   1.708006     2.45   0.015     .8227031    7.543381
       1993  |   3.819194    1.81145     2.11   0.036     .2553383    7.383049
       1994  |    4.40753   1.752884     2.51   0.012     .9588976    7.856162
       1995  |   5.231642   1.811471     2.89   0.004     1.667746    8.795539
       1996  |    5.66404   2.211386     2.56   0.011     1.313348    10.01473
       1997  |   5.232655   2.207363     2.37   0.018     .8898781    9.575431
       1998  |   9.037534   2.399024     3.77   0.000     4.317683    13.75739
       1999  |   6.381371    1.70807     3.74   0.000     3.020905    9.741837
       2000  |   6.713741    1.70807     3.93   0.000     3.353275    10.07421
       2001  |   8.264708   1.667619     4.96   0.000     4.983826    11.54559
       2002  |   8.617349   1.707939     5.05   0.000     5.257142    11.97756
       2003  |    9.33915   1.755091     5.32   0.000     5.886175    12.79213
       2004  |   10.91644   1.631632     6.69   0.000     7.706357    14.12652
       2005  |   12.08828   1.708778     7.07   0.000     8.726418    15.45014
       2006  |   13.34616   1.708778     7.81   0.000     9.984299    16.70802
       2007  |   16.12339   1.667407     9.67   0.000     12.84292    19.40385
       2008  |   18.68895   1.808431    10.33   0.000     15.13103    22.24687
       2009  |   20.53334   1.752671    11.72   0.000     17.08512    23.98155
       2010  |   24.31844   1.875594    12.97   0.000     20.62839    28.00849
       2011  |   26.30675   1.752446    15.01   0.000     22.85898    29.75452
       2012  |     27.484   1.808808    15.19   0.000     23.92534    31.04265
       2013  |   32.24111   1.804967    17.86   0.000     28.69001    35.79221
       2014  |   32.87337   1.748741    18.80   0.000     29.43289    36.31385
       2015  |   33.21533   1.704759    19.48   0.000     29.86138    36.56928
             |
          id |
          4  |  -16.58271   1.275495   -13.00   0.000    -19.09212   -14.07329
          5  |  -16.21468   1.300727   -12.47   0.000    -18.77374   -13.65563
          7  |   2.105479   1.261924     1.67   0.096    -.3772358    4.588194
         17  |  -8.190285   1.322582    -6.19   0.000    -10.79234   -5.588231
         20  |   12.70814   1.294978     9.81   0.000      10.1604    15.25589
         23  |    15.4312    1.40022    11.02   0.000      12.6764      18.186
         24  |   5.265934   1.246222     4.23   0.000      2.81411    7.717758
         27  |  -2.704998   1.258962    -2.15   0.032    -5.181887     -.22811
         31  |  -15.93791   1.293154   -12.32   0.000    -18.48207   -13.39375
         32  |   27.83143   1.380048    20.17   0.000     25.11631    30.54654
         35  |  -9.442679   1.279673    -7.38   0.000    -11.96032   -6.925043
         44  |  -17.04631   1.421378   -11.99   0.000    -19.84273   -14.24988
         46  |  -11.05317   1.460077    -7.57   0.000    -13.92573   -8.180604
         47  |  -1.922197   1.823306    -1.05   0.293    -5.509378    1.664984
             |
       _cons |   18.13383   1.506669    12.04   0.000      15.1696    21.09806
------------------------------------------------------------------------------

. predict yres_secondary, resid
(156 missing values generated)

. replace yres_secondary = . if secondary==.
(0 real changes made)

. 
. reg treatment i.year i.id if secondary!=.

      Source |       SS           df       MS      Number of obs   =       369
-------------+----------------------------------   F(48, 320)      =     23.41
       Model |  67.2402113        48  1.40083774   Prob > F        =    0.0000
    Residual |  19.1500326       320  .059843852   R-squared       =    0.7783
-------------+----------------------------------   Adj R-squared   =    0.7451
       Total |  86.3902439       368  .234756098   Root MSE        =    .24463

------------------------------------------------------------------------------
   treatment | Coefficient  Std. err.      t    P>|t|     [95% conf. interval]
-------------+----------------------------------------------------------------
        year |
       1982  |  -1.83e-16   .0959518    -0.00   1.000     -.188776     .188776
       1983  |  -.0011855   .0981761    -0.01   0.990    -.1943376    .1919667
       1984  |     -.0237   .0983286    -0.24   0.810    -.2171523    .1697523
       1985  |  -1.76e-16   .0959518    -0.00   1.000     -.188776     .188776
       1986  |   .0040754   .0928489     0.04   0.965    -.1785961    .1867469
       1987  |   .0040754   .0928489     0.04   0.965    -.1785961    .1867469
       1988  |  -.0100606   .0963023    -0.10   0.917    -.1995262    .1794049
       1989  |  -.0072906   .1038171    -0.07   0.944    -.2115408    .1969596
       1990  |   .0094596   .1006649     0.09   0.925    -.1885891    .2075082
       1991  |    .006994   .1009862     0.07   0.945    -.1916868    .2056748
       1992  |    .006994   .1009862     0.07   0.945    -.1916868    .2056748
       1993  |   .0184813   .1071024     0.17   0.863    -.1922324    .2291951
       1994  |   .1062551   .1036396     1.03   0.306     -.097646    .3101563
       1995  |   .1978319   .1071036     1.85   0.066    -.0128843    .4085481
       1996  |   .4030963   .1307487     3.08   0.002     .1458606     .660332
       1997  |   .2608913   .1305108     2.00   0.046     .0041237     .517659
       1998  |   .2760385   .1418428     1.95   0.053    -.0030237    .5551008
       1999  |   .2740122     .10099     2.71   0.007     .0753238    .4727005
       2000  |   .3649213     .10099     3.61   0.000     .1662329    .5636096
       2001  |    .337865   .0985983     3.43   0.001     .1438821    .5318479
       2002  |    .358189   .1009823     3.55   0.000      .159516     .556862
       2003  |   .5208398   .1037702     5.02   0.000     .3166818    .7249977
       2004  |   .5382249   .0964706     5.58   0.000     .3484282    .7280216
       2005  |   .7196564   .1010319     7.12   0.000     .5208857    .9184271
       2006  |   .8105655   .1010319     8.02   0.000     .6117948    1.009336
       2007  |    .904897   .0985858     9.18   0.000     .7109387    1.098855
       2008  |   .9553809   .1069239     8.94   0.000     .7450182    1.165744
       2009  |   .9638674    .103627     9.30   0.000     .7599911    1.167744
       2010  |   .9918256   .1108949     8.94   0.000     .7736504    1.210001
       2011  |   .9791486   .1036138     9.45   0.000     .7752983    1.182999
       2012  |   .9614806   .1069462     8.99   0.000     .7510741    1.171887
       2013  |   1.000878   .1067191     9.38   0.000     .7909182    1.210838
       2014  |   1.005788   .1033947     9.73   0.000      .802369    1.209208
       2015  |    .985588   .1007942     9.78   0.000     .7872849    1.183891
             |
          id |
          4  |   .0238588   .0754139     0.32   0.752     -.124511    .1722285
          5  |   .0979135   .0769058     1.27   0.204    -.0533914    .2492183
          7  |     .21592   .0746115     2.89   0.004     .0691289    .3627111
         17  |   .3545748    .078198     4.53   0.000     .2007278    .5084219
         20  |   .2916967   .0765659     3.81   0.000     .1410607    .4423328
         23  |   .1528114   .0827883     1.85   0.066    -.0100668    .3156895
         24  |   .0260147   .0736832     0.35   0.724    -.1189499    .1709794
         27  |   .3459372   .0744364     4.65   0.000     .1994906    .4923838
         31  |   .0844004    .076458     1.10   0.270    -.0660235    .2348243
         32  |   -.139386   .0815956    -1.71   0.089    -.2999177    .0211456
         35  |   .1497983    .075661     1.98   0.049     .0009425    .2986541
         44  |   .0881779   .0840393     1.05   0.295    -.0771614    .2535172
         46  |   .1956168   .0863274     2.27   0.024     .0257759    .3654578
         47  |   .1239344   .1078034     1.15   0.251    -.0881585    .3360273
             |
       _cons |    -.13816   .0890822    -1.55   0.122    -.3134207    .0371007
------------------------------------------------------------------------------

. predict tres_secondary, resid

. replace tres_secondary = . if secondary==.
(156 real changes made, 156 to missing)

. 
. gen tresp2 = tres_secondary*tres_secondary if secondary!=.
(156 missing values generated)

. egen tvariance = sum(tresp2)

. gen weight_secondary = tres_secondary/tvariance 
(156 missing values generated)

. replace weight_secondary = . if secondary==.
(0 real changes made)

. 
. gen yxtres_secondary = secondary*tres_secondary if secondary!=.
(156 missing values generated)

. egen numer = sum(yxtres_secondary)

. gen betahat = numer/tvariance

. 
. drop tresp2 tvariance numer betahat

. 
. 
. // TESTING LINEAR RELATIONSHIP PRIMARY
. 
. tw ///
>         (scatter yres_primary tres_primary if treatment==0, msymbol(o) color(vermillion%20)) ///
>         (scatter yres_primary tres_primary if treatment==1, msymbol(o) color(sea%20)) ///       
>         (lpoly yres_primary tres_primary if treatment==0, lcolor(vermillion) lpattern(longdash) deg(
> 1) bw(0.1)) ///
>         (lfit yres_primary tres_primary if treatment==0, lcolor(vermillion) lpattern(solid)) ///    
>     
>         (lpoly yres_primary tres_primary if treatment==1, lcolor(sea) lpattern(longdash) deg(1) bw(0
> .1)) ///
>         (lfit yres_primary tres_primary if treatment==1, lcolor(sea) lpattern(solid)), ///      
>         legend(order(2 1) cols(1) label(2 "Treatment observations") label(1 "Comparison observations
> ") ///
>         ring(0) pos(11)) ///
>         xtitle(" " "Residualized Treatment") ytitle("Residualized Outcome" " ")
(note:  named style vermillion not found in class color, default attributes used)
(note:  named style vermillion not found in class color, default attributes used)
(note:  named style vermillion not found in class color, default attributes used)
(note:  named style vermillion not found in class color, default attributes used)
(note:  named style vermillion not found in class color, default attributes used)
(note:  named style sea not found in class color, default attributes used)
(note:  named style sea not found in class color, default attributes used)
(note:  named style sea not found in class color, default attributes used)
(note:  named style sea not found in class color, default attributes used)
(note:  named style sea not found in class color, default attributes used)
(note:  named style vermillion not found in class color, default attributes used)
(note:  named style vermillion not found in class color, default attributes used)
(note:  named style vermillion not found in class color, default attributes used)
(note:  named style vermillion not found in class color, default attributes used)
(note:  named style sea not found in class color, default attributes used)
(note:  named style sea not found in class color, default attributes used)
(note:  named style sea not found in class color, default attributes used)
(note:  named style sea not found in class color, default attributes used)

. graph export fig/resid-scatter-pri.pdf, replace
error creating metafile
r(693);

end of do-file

r(693);

. do "/var/folders/jn/8f16n6y15tx7lkglcmvfw83m0000gn/T//SD01675.000000"

. set scheme s1mono

. set seed 123456

. 
. // 产生权重
. 
. reg logistic_gini i.statefip i.wrkyr
variable logistic_gini not found
r(111);

end of do-file

r(111);

. do "/var/folders/jn/8f16n6y15tx7lkglcmvfw83m0000gn/T//SD01675.000000"

. #delimit;
delimiter now ;
. clear;

. set mem 100m;
set memory ignored.
    Memory no longer needs to be set in modern Statas; memory adjustments are performed on the fly
    automatically.

. set more off;

. cd "/Users/xuwenli/OneDrive/DSGE建模及软件编程/教学大纲与讲稿/应用计量经济学讲稿/bbb";
/Users/xuwenli/OneDrive/DSGE建模及软件编程/教学大纲与讲稿/应用计量经济学讲稿/bbb

. log using TableII.log, replace;
log file already open
r(604);

end of do-file

r(604);

. do "/var/folders/jn/8f16n6y15tx7lkglcmvfw83m0000gn/T//SD01675.000000"

. log close;
; invalid name
r(198);

end of do-file

r(198);

. do "/var/folders/jn/8f16n6y15tx7lkglcmvfw83m0000gn/T//SD01675.000000"

. // 偏误诊断：图5 负的权重图
. 
. set scheme s1mono

. set seed 123456

. 
. // 产生权重
. 
. reg logistic_gini i.statefip i.wrkyr
no variables defined
r(111);

end of do-file

r(111);

. do "/var/folders/jn/8f16n6y15tx7lkglcmvfw83m0000gn/T//SD01675.000000"

. use "/Users/xuwenli/OneDrive/DSGE建模及软件编程/教学大纲与讲稿/应用计量经济学讲稿/bbb/macro_workfile
> .dta", clear;
option ; not allowed
r(198);

end of do-file

r(198);

. do "/var/folders/jn/8f16n6y15tx7lkglcmvfw83m0000gn/T//SD01675.000000"

. #delimit;
delimiter now ;
. clear;

. set mem 100m;
set memory ignored.
    Memory no longer needs to be set in modern Statas; memory adjustments are performed on the fly
    automatically.

. set more off;

. cd "/Users/xuwenli/OneDrive/DSGE建模及软件编程/教学大纲与讲稿/应用计量经济学讲稿/bbb";
/Users/xuwenli/OneDrive/DSGE建模及软件编程/教学大纲与讲稿/应用计量经济学讲稿/bbb

. // log using TableII.log, replace;
> 
> use "/Users/xuwenli/OneDrive/DSGE建模及软件编程/教学大纲与讲稿/应用计量经济学讲稿/bbb/macro_workfile
> .dta", clear;
(Data for 'Big Bad Banks?' paper.)

. label var _intra "Bank deregulation";

. xtset statefip wrkyr;

Panel variable: statefip (strongly balanced)
 Time variable: wrkyr, 1976 to 2006
         Delta: 1 unit

. tabulate wrkyr, gen(wrkyr_dumm);

       Year |      Freq.     Percent        Cum.
------------+-----------------------------------
       1976 |         49        3.23        3.23
       1977 |         49        3.23        6.45
       1978 |         49        3.23        9.68
       1979 |         49        3.23       12.90
       1980 |         49        3.23       16.13
       1981 |         49        3.23       19.35
       1982 |         49        3.23       22.58
       1983 |         49        3.23       25.81
       1984 |         49        3.23       29.03
       1985 |         49        3.23       32.26
       1986 |         49        3.23       35.48
       1987 |         49        3.23       38.71
       1988 |         49        3.23       41.94
       1989 |         49        3.23       45.16
       1990 |         49        3.23       48.39
       1991 |         49        3.23       51.61
       1992 |         49        3.23       54.84
       1993 |         49        3.23       58.06
       1994 |         49        3.23       61.29
       1995 |         49        3.23       64.52
       1996 |         49        3.23       67.74
       1997 |         49        3.23       70.97
       1998 |         49        3.23       74.19
       1999 |         49        3.23       77.42
       2000 |         49        3.23       80.65
       2001 |         49        3.23       83.87
       2002 |         49        3.23       87.10
       2003 |         49        3.23       90.32
       2004 |         49        3.23       93.55
       2005 |         49        3.23       96.77
       2006 |         49        3.23      100.00
------------+-----------------------------------
      Total |      1,519      100.00

. tabulate statefip, gen(state_dumm);

 State FIPS |
       code |      Freq.     Percent        Cum.
------------+-----------------------------------
          1 |         31        2.04        2.04
          2 |         31        2.04        4.08
          4 |         31        2.04        6.12
          5 |         31        2.04        8.16
          6 |         31        2.04       10.20
          8 |         31        2.04       12.24
          9 |         31        2.04       14.29
         11 |         31        2.04       16.33
         12 |         31        2.04       18.37
         13 |         31        2.04       20.41
         15 |         31        2.04       22.45
         16 |         31        2.04       24.49
         17 |         31        2.04       26.53
         18 |         31        2.04       28.57
         19 |         31        2.04       30.61
         20 |         31        2.04       32.65
         21 |         31        2.04       34.69
         22 |         31        2.04       36.73
         23 |         31        2.04       38.78
         24 |         31        2.04       40.82
         25 |         31        2.04       42.86
         26 |         31        2.04       44.90
         27 |         31        2.04       46.94
         28 |         31        2.04       48.98
         29 |         31        2.04       51.02
         30 |         31        2.04       53.06
         31 |         31        2.04       55.10
         32 |         31        2.04       57.14
         33 |         31        2.04       59.18
         34 |         31        2.04       61.22
         35 |         31        2.04       63.27
         36 |         31        2.04       65.31
         37 |         31        2.04       67.35
         38 |         31        2.04       69.39
         39 |         31        2.04       71.43
         40 |         31        2.04       73.47
         41 |         31        2.04       75.51
         42 |         31        2.04       77.55
         44 |         31        2.04       79.59
         45 |         31        2.04       81.63
         47 |         31        2.04       83.67
         48 |         31        2.04       85.71
         49 |         31        2.04       87.76
         50 |         31        2.04       89.80
         51 |         31        2.04       91.84
         53 |         31        2.04       93.88
         54 |         31        2.04       95.92
         55 |         31        2.04       97.96
         56 |         31        2.04      100.00
------------+-----------------------------------
      Total |      1,519      100.00

. replace p10 = 1 if p10==0;
(1 real change made)

. generate logistic_gini = log(gini/(1-gini));

. generate log_gini      = log(gini);

. generate log_theil     = log(theil);

. generate log_9010      = log(p90)-log(p10);

. generate log_7525      = log(p75)-log(p25);

. local Xs gsp_pc_growth prop_blacks prop_dropouts prop_female_headed unemploymentrate;

. 
end of do-file

. do "/var/folders/jn/8f16n6y15tx7lkglcmvfw83m0000gn/T//SD01675.000000"

. set scheme s1mono

. set seed 123456

. 
. // 产生权重
. 
. reg logistic_gini i.statefip i.wrkyr

      Source |       SS           df       MS      Number of obs   =     1,519
-------------+----------------------------------   F(78, 1440)     =     20.68
       Model |  7.16000045        78  .091794878   Prob > F        =    0.0000
    Residual |  6.39228457     1,440  .004439087   R-squared       =    0.5283
-------------+----------------------------------   Adj R-squared   =    0.5028
       Total |   13.552285     1,518  .008927724   Root MSE        =    .06663

------------------------------------------------------------------------------
logistic_g~i | Coefficient  Std. err.      t    P>|t|     [95% conf. interval]
-------------+----------------------------------------------------------------
    statefip |
          2  |   -.052811   .0169231    -3.12   0.002    -.0860077   -.0196144
          4  |  -.0155722   .0169231    -0.92   0.358    -.0487689    .0176244
          5  |  -.0474225   .0169231    -2.80   0.005    -.0806192   -.0142259
          6  |  -.0163602   .0169231    -0.97   0.334    -.0495568    .0168364
          8  |  -.0720114   .0169231    -4.26   0.000    -.1052081   -.0388148
          9  |  -.1048406   .0169231    -6.20   0.000    -.1380373    -.071644
         11  |  -.0810396   .0169231    -4.79   0.000    -.1142362   -.0478429
         12  |  -.0457563   .0169231    -2.70   0.007    -.0789529   -.0125596
         13  |  -.0655471   .0169231    -3.87   0.000    -.0987438   -.0323505
         15  |  -.1785526   .0169231   -10.55   0.000    -.2117492   -.1453559
         16  |   -.042103   .0169231    -2.49   0.013    -.0752997   -.0089064
         17  |  -.0612282   .0169231    -3.62   0.000    -.0944249   -.0280316
         18  |  -.1120496   .0169231    -6.62   0.000    -.1452462   -.0788529
         19  |  -.1296547   .0169231    -7.66   0.000    -.1628513    -.096458
         20  |   -.075484   .0169231    -4.46   0.000    -.1086806   -.0422873
         21  |  -.0195369   .0169231    -1.15   0.249    -.0527335    .0136598
         22  |   .0237791   .0169231     1.41   0.160    -.0094176    .0569757
         23  |  -.1109839   .0169231    -6.56   0.000    -.1441806   -.0777873
         24  |  -.1289223   .0169231    -7.62   0.000     -.162119   -.0957257
         25  |   -.082097   .0169231    -4.85   0.000    -.1152936   -.0489003
         26  |  -.0294442   .0169231    -1.74   0.082    -.0626408    .0037525
         27  |  -.1182606   .0169231    -6.99   0.000    -.1514572   -.0850639
         28  |  -.0277093   .0169231    -1.64   0.102     -.060906    .0054873
         29  |  -.0954837   .0169231    -5.64   0.000    -.1286804   -.0622871
         30  |  -.0605504   .0169231    -3.58   0.000     -.093747   -.0273537
         31  |  -.1128968   .0169231    -6.67   0.000    -.1460934   -.0797001
         32  |  -.1517911   .0169231    -8.97   0.000    -.1849878   -.1185945
         33  |  -.1414672   .0169231    -8.36   0.000    -.1746638   -.1082705
         34  |  -.0471228   .0169231    -2.78   0.005    -.0803195   -.0139262
         35  |    .038703   .0169231     2.29   0.022     .0055063    .0718996
         36  |  -.0063246   .0169231    -0.37   0.709    -.0395213     .026872
         37  |  -.1035334   .0169231    -6.12   0.000      -.13673   -.0703367
         38  |  -.1101896   .0169231    -6.51   0.000    -.1433863    -.076993
         39  |  -.0656003   .0169231    -3.88   0.000     -.098797   -.0324037
         40  |  -.0304607   .0169231    -1.80   0.072    -.0636574    .0027359
         41  |  -.0384417   .0169231    -2.27   0.023    -.0716384   -.0052451
         42  |  -.0370716   .0169231    -2.19   0.029    -.0702682   -.0038749
         44  |   -.127943   .0169231    -7.56   0.000    -.1611397   -.0947464
         45  |  -.1200769   .0169231    -7.10   0.000    -.1532736   -.0868803
         47  |  -.0172109   .0169231    -1.02   0.309    -.0504075    .0159858
         48  |  -.0045391   .0169231    -0.27   0.789    -.0377358    .0286575
         49  |  -.0169539   .0169231    -1.00   0.317    -.0501506    .0162427
         50  |  -.1408863   .0169231    -8.33   0.000     -.174083   -.1076897
         51  |   -.069521   .0169231    -4.11   0.000    -.1027177   -.0363244
         53  |   -.052547   .0169231    -3.11   0.002    -.0857436   -.0193503
         54  |   .0098905   .0169231     0.58   0.559    -.0233061    .0430872
         55  |  -.1560736   .0169231    -9.22   0.000    -.1892703    -.122877
         56  |  -.0573059   .0169231    -3.39   0.001    -.0905026   -.0241093
             |
       wrkyr |
       1977  |   .0033284   .0134606     0.25   0.805    -.0230761    .0297328
       1978  |   .0822795   .0134606     6.11   0.000     .0558751     .108684
       1979  |   .1273737   .0134606     9.46   0.000     .1009692    .1537781
       1980  |   .1001332   .0134606     7.44   0.000     .0737287    .1265376
       1981  |   .1232396   .0134606     9.16   0.000     .0968352     .149644
       1982  |   .2756399   .0134606    20.48   0.000     .2492354    .3020443
       1983  |   .1431803   .0134606    10.64   0.000     .1167759    .1695848
       1984  |     .13087   .0134606     9.72   0.000     .1044656    .1572745
       1985  |   .1230927   .0134606     9.14   0.000     .0966882    .1494971
       1986  |    .126578   .0134606     9.40   0.000     .1001736    .1529825
       1987  |   .0996686   .0134606     7.40   0.000     .0732641     .126073
       1988  |   .0793042   .0134606     5.89   0.000     .0528997    .1057086
       1989  |   .0868271   .0134606     6.45   0.000     .0604227    .1132316
       1990  |   .0669445   .0134606     4.97   0.000     .0405401     .093349
       1991  |   .0655799   .0134606     4.87   0.000     .0391755    .0919844
       1992  |   .0732273   .0134606     5.44   0.000     .0468229    .0996317
       1993  |    .083871   .0134606     6.23   0.000     .0574665    .1102754
       1994  |   .0794137   .0134606     5.90   0.000     .0530093    .1058182
       1995  |    .136407   .0134606    10.13   0.000     .1100025    .1628114
       1996  |   .1036615   .0134606     7.70   0.000     .0772571     .130066
       1997  |   .1244973   .0134606     9.25   0.000     .0980929    .1509018
       1998  |   .0971417   .0134606     7.22   0.000     .0707373    .1235462
       1999  |   .0866314   .0134606     6.44   0.000      .060227    .1130359
       2000  |   .1321488   .0134606     9.82   0.000     .1057444    .1585533
       2001  |   .1136934   .0134606     8.45   0.000      .087289    .1400979
       2002  |    .112751   .0134606     8.38   0.000     .0863465    .1391554
       2003  |   .1286637   .0134606     9.56   0.000     .1022593    .1550682
       2004  |   .1135335   .0134606     8.43   0.000     .0871291     .139938
       2005  |   .1478221   .0134606    10.98   0.000     .1214177    .1742266
       2006  |   .1291087   .0134606     9.59   0.000     .1027043    .1555132
             |
       _cons |  -.3186316   .0151943   -20.97   0.000    -.3484369   -.2888262
------------------------------------------------------------------------------

. predict yres_lgini, resid

. replace yres_lgini = . if logistic_gini==.
(0 real changes made)

. 
. reg _intra i.statefip i.wrkyr if logistic_gini!=.

      Source |       SS           df       MS      Number of obs   =     1,519
-------------+----------------------------------   F(78, 1440)     =     31.84
       Model |  191.782752        78  2.45875323   Prob > F        =    0.0000
    Residual |  111.191573     1,440   .07721637   R-squared       =    0.6330
-------------+----------------------------------   Adj R-squared   =    0.6131
       Total |  302.974325     1,518   .19958783   Root MSE        =    .27788

------------------------------------------------------------------------------
      _intra | Coefficient  Std. err.      t    P>|t|     [95% conf. interval]
-------------+----------------------------------------------------------------
    statefip |
          2  |   .1935484   .0705812     2.74   0.006     .0550955    .3320013
          4  |   .1935484   .0705812     2.74   0.006     .0550955    .3320013
          5  |  -.4193548   .0705812    -5.94   0.000    -.5578078   -.2809019
          6  |   .1935484   .0705812     2.74   0.006     .0550955    .3320013
          8  |  -.3225806   .0705812    -4.57   0.000    -.4610336   -.1841277
          9  |   .0322581   .0705812     0.46   0.648    -.1061949     .170711
         11  |   .1935484   .0705812     2.74   0.006     .0550955    .3320013
         12  |  -.2258065   .0705812    -3.20   0.001    -.3642594   -.0873535
         13  |  -.0645161   .0705812    -0.91   0.361     -.202969    .0739368
         15  |  -.1612903   .0705812    -2.29   0.022    -.2997432   -.0228374
         16  |   .1935484   .0705812     2.74   0.006     .0550955    .3320013
         17  |  -.2258065   .0705812    -3.20   0.001    -.3642594   -.0873535
         18  |  -.2580645   .0705812    -3.66   0.000    -.3965174   -.1196116
         19  |  -.5806452   .0705812    -8.23   0.000    -.7190981   -.4421922
         20  |  -.1935484   .0705812    -2.74   0.006    -.3320013   -.0550955
         21  |  -.2903226   .0705812    -4.11   0.000    -.4287755   -.1518697
         22  |  -.2258065   .0705812    -3.20   0.001    -.3642594   -.0873535
         23  |   .1935484   .0705812     2.74   0.006     .0550955    .3320013
         24  |   .1935484   .0705812     2.74   0.006     .0550955    .3320013
         25  |  -.0967742   .0705812    -1.37   0.171    -.2352271    .0416787
         26  |  -.1935484   .0705812    -2.74   0.006    -.3320013   -.0550955
         27  |  -.3870968   .0705812    -5.48   0.000    -.5255497   -.2486439
         28  |  -.1612903   .0705812    -2.29   0.022    -.2997432   -.0228374
         29  |  -.2903226   .0705812    -4.11   0.000    -.4287755   -.1518697
         30  |  -.2903226   .0705812    -4.11   0.000    -.4287755   -.1518697
         31  |  -.1290323   .0705812    -1.83   0.068    -.2674852    .0094207
         32  |   .1935484   .0705812     2.74   0.006     .0550955    .3320013
         33  |  -.1935484   .0705812    -2.74   0.006    -.3320013   -.0550955
         34  |   .1290323   .0705812     1.83   0.068    -.0094207    .2674852
         35  |  -.3225806   .0705812    -4.57   0.000    -.4610336   -.1841277
         36  |   .1612903   .0705812     2.29   0.022     .0228374    .2997432
         37  |   .1935484   .0705812     2.74   0.006     .0550955    .3320013
         38  |  -.1935484   .0705812    -2.74   0.006    -.3320013   -.0550955
         39  |   .0645161   .0705812     0.91   0.361    -.0739368     .202969
         40  |  -.2258065   .0705812    -3.20   0.001    -.3642594   -.0873535
         41  |  -.1290323   .0705812    -1.83   0.068    -.2674852    .0094207
         42  |  -.0322581   .0705812    -0.46   0.648     -.170711    .1061949
         44  |   .1935484   .0705812     2.74   0.006     .0550955    .3320013
         45  |   .1935484   .0705812     2.74   0.006     .0550955    .3320013
         47  |  -.1290323   .0705812    -1.83   0.068    -.2674852    .0094207
         48  |  -.2258065   .0705812    -3.20   0.001    -.3642594   -.0873535
         49  |   2.92e-15   .0705812     0.00   1.000    -.1384529    .1384529
         50  |   .1935484   .0705812     2.74   0.006     .0550955    .3320013
         51  |   .0967742   .0705812     1.37   0.171    -.0416787    .2352271
         53  |  -.1290323   .0705812    -1.83   0.068    -.2674852    .0094207
         54  |  -.1935484   .0705812    -2.74   0.006    -.3320013   -.0550955
         55  |  -.2903226   .0705812    -4.11   0.000    -.4287755   -.1518697
         56  |  -.2258065   .0705812    -3.20   0.001    -.3642594   -.0873535
             |
       wrkyr |
       1977  |   .0204082   .0561399     0.36   0.716    -.0897166    .1305329
       1978  |   .0408163   .0561399     0.73   0.467    -.0693084    .1509411
       1979  |   .0612245   .0561399     1.09   0.276    -.0489003    .1713492
       1980  |   .0816327   .0561399     1.45   0.146    -.0284921    .1917574
       1981  |   .1020408   .0561399     1.82   0.069    -.0080839    .2121656
       1982  |   .1428571   .0561399     2.54   0.011     .0327324    .2529819
       1983  |   .1632653   .0561399     2.91   0.004     .0531406    .2733901
       1984  |   .1836735   .0561399     3.27   0.001     .0735487    .2937982
       1985  |   .2040816   .0561399     3.64   0.000     .0939569    .3142064
       1986  |   .2857143   .0561399     5.09   0.000     .1755895     .395839
       1987  |   .3265306   .0561399     5.82   0.000     .2164059    .4366554
       1988  |   .4285714   .0561399     7.63   0.000     .3184467    .5386962
       1989  |   .5510204   .0561399     9.82   0.000     .4408957    .6611452
       1990  |   .5714286   .0561399    10.18   0.000     .4613038    .6815533
       1991  |   .6530612   .0561399    11.63   0.000     .5429365     .763186
       1992  |   .6938776   .0561399    12.36   0.000     .5837528    .8040023
       1993  |   .6938776   .0561399    12.36   0.000     .5837528    .8040023
       1994  |   .7142857   .0561399    12.72   0.000      .604161    .8244105
       1995  |   .7346939   .0561399    13.09   0.000     .6245691    .8448186
       1996  |   .7346939   .0561399    13.09   0.000     .6245691    .8448186
       1997  |   .7346939   .0561399    13.09   0.000     .6245691    .8448186
       1998  |   .7346939   .0561399    13.09   0.000     .6245691    .8448186
       1999  |   .7346939   .0561399    13.09   0.000     .6245691    .8448186
       2000  |    .755102   .0561399    13.45   0.000     .6449773    .8652268
       2001  |    .755102   .0561399    13.45   0.000     .6449773    .8652268
       2002  |    .755102   .0561399    13.45   0.000     .6449773    .8652268
       2003  |    .755102   .0561399    13.45   0.000     .6449773    .8652268
       2004  |    .755102   .0561399    13.45   0.000     .6449773    .8652268
       2005  |    .755102   .0561399    13.45   0.000     .6449773    .8652268
       2006  |    .755102   .0561399    13.45   0.000     .6449773    .8652268
             |
       _cons |   .3265306   .0633708     5.15   0.000     .2022216    .4508396
------------------------------------------------------------------------------

. predict tres_lgini, resid

. replace tres_lgini = . if logistic_gini==.
(0 real changes made)

. 
. gen tresp2 = tres_lgini*tres_intra if logistic_gini!=.
tres_intra not found
r(111);

end of do-file

r(111);

. do "/var/folders/jn/8f16n6y15tx7lkglcmvfw83m0000gn/T//SD01675.000000"

. reg logistic_gini i.statefip i.wrkyr

      Source |       SS           df       MS      Number of obs   =     1,519
-------------+----------------------------------   F(78, 1440)     =     20.68
       Model |  7.16000045        78  .091794878   Prob > F        =    0.0000
    Residual |  6.39228457     1,440  .004439087   R-squared       =    0.5283
-------------+----------------------------------   Adj R-squared   =    0.5028
       Total |   13.552285     1,518  .008927724   Root MSE        =    .06663

------------------------------------------------------------------------------
logistic_g~i | Coefficient  Std. err.      t    P>|t|     [95% conf. interval]
-------------+----------------------------------------------------------------
    statefip |
          2  |   -.052811   .0169231    -3.12   0.002    -.0860077   -.0196144
          4  |  -.0155722   .0169231    -0.92   0.358    -.0487689    .0176244
          5  |  -.0474225   .0169231    -2.80   0.005    -.0806192   -.0142259
          6  |  -.0163602   .0169231    -0.97   0.334    -.0495568    .0168364
          8  |  -.0720114   .0169231    -4.26   0.000    -.1052081   -.0388148
          9  |  -.1048406   .0169231    -6.20   0.000    -.1380373    -.071644
         11  |  -.0810396   .0169231    -4.79   0.000    -.1142362   -.0478429
         12  |  -.0457563   .0169231    -2.70   0.007    -.0789529   -.0125596
         13  |  -.0655471   .0169231    -3.87   0.000    -.0987438   -.0323505
         15  |  -.1785526   .0169231   -10.55   0.000    -.2117492   -.1453559
         16  |   -.042103   .0169231    -2.49   0.013    -.0752997   -.0089064
         17  |  -.0612282   .0169231    -3.62   0.000    -.0944249   -.0280316
         18  |  -.1120496   .0169231    -6.62   0.000    -.1452462   -.0788529
         19  |  -.1296547   .0169231    -7.66   0.000    -.1628513    -.096458
         20  |   -.075484   .0169231    -4.46   0.000    -.1086806   -.0422873
         21  |  -.0195369   .0169231    -1.15   0.249    -.0527335    .0136598
         22  |   .0237791   .0169231     1.41   0.160    -.0094176    .0569757
         23  |  -.1109839   .0169231    -6.56   0.000    -.1441806   -.0777873
         24  |  -.1289223   .0169231    -7.62   0.000     -.162119   -.0957257
         25  |   -.082097   .0169231    -4.85   0.000    -.1152936   -.0489003
         26  |  -.0294442   .0169231    -1.74   0.082    -.0626408    .0037525
         27  |  -.1182606   .0169231    -6.99   0.000    -.1514572   -.0850639
         28  |  -.0277093   .0169231    -1.64   0.102     -.060906    .0054873
         29  |  -.0954837   .0169231    -5.64   0.000    -.1286804   -.0622871
         30  |  -.0605504   .0169231    -3.58   0.000     -.093747   -.0273537
         31  |  -.1128968   .0169231    -6.67   0.000    -.1460934   -.0797001
         32  |  -.1517911   .0169231    -8.97   0.000    -.1849878   -.1185945
         33  |  -.1414672   .0169231    -8.36   0.000    -.1746638   -.1082705
         34  |  -.0471228   .0169231    -2.78   0.005    -.0803195   -.0139262
         35  |    .038703   .0169231     2.29   0.022     .0055063    .0718996
         36  |  -.0063246   .0169231    -0.37   0.709    -.0395213     .026872
         37  |  -.1035334   .0169231    -6.12   0.000      -.13673   -.0703367
         38  |  -.1101896   .0169231    -6.51   0.000    -.1433863    -.076993
         39  |  -.0656003   .0169231    -3.88   0.000     -.098797   -.0324037
         40  |  -.0304607   .0169231    -1.80   0.072    -.0636574    .0027359
         41  |  -.0384417   .0169231    -2.27   0.023    -.0716384   -.0052451
         42  |  -.0370716   .0169231    -2.19   0.029    -.0702682   -.0038749
         44  |   -.127943   .0169231    -7.56   0.000    -.1611397   -.0947464
         45  |  -.1200769   .0169231    -7.10   0.000    -.1532736   -.0868803
         47  |  -.0172109   .0169231    -1.02   0.309    -.0504075    .0159858
         48  |  -.0045391   .0169231    -0.27   0.789    -.0377358    .0286575
         49  |  -.0169539   .0169231    -1.00   0.317    -.0501506    .0162427
         50  |  -.1408863   .0169231    -8.33   0.000     -.174083   -.1076897
         51  |   -.069521   .0169231    -4.11   0.000    -.1027177   -.0363244
         53  |   -.052547   .0169231    -3.11   0.002    -.0857436   -.0193503
         54  |   .0098905   .0169231     0.58   0.559    -.0233061    .0430872
         55  |  -.1560736   .0169231    -9.22   0.000    -.1892703    -.122877
         56  |  -.0573059   .0169231    -3.39   0.001    -.0905026   -.0241093
             |
       wrkyr |
       1977  |   .0033284   .0134606     0.25   0.805    -.0230761    .0297328
       1978  |   .0822795   .0134606     6.11   0.000     .0558751     .108684
       1979  |   .1273737   .0134606     9.46   0.000     .1009692    .1537781
       1980  |   .1001332   .0134606     7.44   0.000     .0737287    .1265376
       1981  |   .1232396   .0134606     9.16   0.000     .0968352     .149644
       1982  |   .2756399   .0134606    20.48   0.000     .2492354    .3020443
       1983  |   .1431803   .0134606    10.64   0.000     .1167759    .1695848
       1984  |     .13087   .0134606     9.72   0.000     .1044656    .1572745
       1985  |   .1230927   .0134606     9.14   0.000     .0966882    .1494971
       1986  |    .126578   .0134606     9.40   0.000     .1001736    .1529825
       1987  |   .0996686   .0134606     7.40   0.000     .0732641     .126073
       1988  |   .0793042   .0134606     5.89   0.000     .0528997    .1057086
       1989  |   .0868271   .0134606     6.45   0.000     .0604227    .1132316
       1990  |   .0669445   .0134606     4.97   0.000     .0405401     .093349
       1991  |   .0655799   .0134606     4.87   0.000     .0391755    .0919844
       1992  |   .0732273   .0134606     5.44   0.000     .0468229    .0996317
       1993  |    .083871   .0134606     6.23   0.000     .0574665    .1102754
       1994  |   .0794137   .0134606     5.90   0.000     .0530093    .1058182
       1995  |    .136407   .0134606    10.13   0.000     .1100025    .1628114
       1996  |   .1036615   .0134606     7.70   0.000     .0772571     .130066
       1997  |   .1244973   .0134606     9.25   0.000     .0980929    .1509018
       1998  |   .0971417   .0134606     7.22   0.000     .0707373    .1235462
       1999  |   .0866314   .0134606     6.44   0.000      .060227    .1130359
       2000  |   .1321488   .0134606     9.82   0.000     .1057444    .1585533
       2001  |   .1136934   .0134606     8.45   0.000      .087289    .1400979
       2002  |    .112751   .0134606     8.38   0.000     .0863465    .1391554
       2003  |   .1286637   .0134606     9.56   0.000     .1022593    .1550682
       2004  |   .1135335   .0134606     8.43   0.000     .0871291     .139938
       2005  |   .1478221   .0134606    10.98   0.000     .1214177    .1742266
       2006  |   .1291087   .0134606     9.59   0.000     .1027043    .1555132
             |
       _cons |  -.3186316   .0151943   -20.97   0.000    -.3484369   -.2888262
------------------------------------------------------------------------------

. predict yres_lgini, resid
variable yres_lgini already defined
r(110);

end of do-file

r(110);

. do "/var/folders/jn/8f16n6y15tx7lkglcmvfw83m0000gn/T//SD01675.000000"

. gen tresp2 = tres_lgini*tres_lgini if logistic_gini!=.

. egen tvariance = sum(tresp2)

. gen weight_lgini = tres_lgini/tvariance 

. replace weight_lgini = . if logistic_gini==.
(0 real changes made)

. 
end of do-file

. do "/var/folders/jn/8f16n6y15tx7lkglcmvfw83m0000gn/T//SD01675.000000"

. gen yxtres_lgini = logistic_gini*tres_lgini if logistic_gini!=.

. egen numer = sum(yxtres_lgini)

. gen betahat = numer/tvariance

. 
. drop tresp2 tvariance numer betahat

. 
end of do-file

. do "/var/folders/jn/8f16n6y15tx7lkglcmvfw83m0000gn/T//SD01675.000000"

. tw ///
>         (scatter yres_lgini tres_lgini if _intra==0, msymbol(o) color(vermillion%20)) ///
>         (scatter yres_lgini tres_lgini if _intra==1, msymbol(o) color(sea%20)) ///      
>         (lpoly yres_lgini tres_lgini if _intra==0, lcolor(vermillion) lpattern(longdash) deg(1) bw(0
> .1)) ///
>         (lfit yres_lgini tres_lgini if _intra==0, lcolor(vermillion) lpattern(solid)) ///       
>         (lpoly yres_lgini tres_lgini if _intra==1, lcolor(sea) lpattern(longdash) deg(1) bw(0.1)) //
> /
>         (lfit yres_lgini tres_lgini if _intra==1, lcolor(sea) lpattern(solid)), ///     
>         legend(order(2 1) cols(1) label(2 "处理组") label(1 "控制组") ///
>         ring(0) pos(11)) ///
>         xtitle(" " "余值化处理变量" ytitle("余值化结果" " ")
parentheses do not balance
r(198);

end of do-file

r(198);

. do "/var/folders/jn/8f16n6y15tx7lkglcmvfw83m0000gn/T//SD01675.000000"

. tw ///
>         (scatter yres_lgini tres_lgini if _intra==0, msymbol(o) color(vermillion%20)) ///
>         (scatter yres_lgini tres_lgini if _intra==1, msymbol(o) color(sea%20)) ///      
>         (lpoly yres_lgini tres_lgini if _intra==0, lcolor(vermillion) lpattern(longdash) deg(1) bw(0
> .1)) ///
>         (lfit yres_lgini tres_lgini if _intra==0, lcolor(vermillion) lpattern(solid)) ///       
>         (lpoly yres_lgini tres_lgini if _intra==1, lcolor(sea) lpattern(longdash) deg(1) bw(0.1)) //
> /
>         (lfit yres_lgini tres_lgini if _intra==1, lcolor(sea) lpattern(solid)), ///     
>         legend(order(2 1) cols(1) label(2 "处理组") label(1 "控制组") ///
>         ring(0) pos(11)) ///
>         xtitle(" " "余值化处理变量") ytitle("余值化结果" " ")
(note:  named style vermillion not found in class color, default attributes used)
(note:  named style vermillion not found in class color, default attributes used)
(note:  named style vermillion not found in class color, default attributes used)
(note:  named style vermillion not found in class color, default attributes used)
(note:  named style vermillion not found in class color, default attributes used)
(note:  named style sea not found in class color, default attributes used)
(note:  named style sea not found in class color, default attributes used)
(note:  named style sea not found in class color, default attributes used)
(note:  named style sea not found in class color, default attributes used)
(note:  named style sea not found in class color, default attributes used)
(note:  named style vermillion not found in class color, default attributes used)
(note:  named style vermillion not found in class color, default attributes used)
(note:  named style vermillion not found in class color, default attributes used)
(note:  named style vermillion not found in class color, default attributes used)
(note:  named style sea not found in class color, default attributes used)
(note:  named style sea not found in class color, default attributes used)
(note:  named style sea not found in class color, default attributes used)
(note:  named style sea not found in class color, default attributes used)

. 
end of do-file

. do "/var/folders/jn/8f16n6y15tx7lkglcmvfw83m0000gn/T//SD01675.000000"

. tw ///
>         (scatter yres_lgini tres_lgini if _intra==0, msymbol(o) color(vermillion%20)) ///
>         (scatter yres_lgini tres_lgini if _intra==1, msymbol(o) color(sea%20)) ///      
>         (lpoly yres_lgini tres_lgini if _intra==0, lcolor(vermillion) lpattern(longdash) deg(0.7) bw
> (0.1)) ///
>         (lfit yres_lgini tres_lgini if _intra==0, lcolor(vermillion) lpattern(solid)) ///       
>         (lpoly yres_lgini tres_lgini if _intra==1, lcolor(sea) lpattern(longdash) deg(0.7) bw(0.1)) 
> ///
>         (lfit yres_lgini tres_lgini if _intra==1, lcolor(sea) lpattern(solid)), ///     
>         legend(order(2 1) cols(1) label(2 "处理组") label(1 "控制组") ///
>         ring(0) pos(11)) ///
>         xtitle(" " "余值化处理变量") ytitle("余值化结果" " ")
option deg() not allowed
r(198);

end of do-file

r(198);

. do "/var/folders/jn/8f16n6y15tx7lkglcmvfw83m0000gn/T//SD01675.000000"

. tw ///
>         (scatter yres_lgini tres_lgini if _intra==0, msymbol(o) color(vermillion%20)) ///
>         (scatter yres_lgini tres_lgini if _intra==1, msymbol(o) color(sea%20)) ///      
>         (lpoly yres_lgini tres_lgini if _intra==0, lcolor(vermillion) lpattern(longdash) deg(1) bw(0
> .1)) ///
>         (lfit yres_lgini tres_lgini if _intra==0, lcolor(vermillion) lpattern(solid)) ///       
>         (lpoly yres_lgini tres_lgini if _intra==1, lcolor(sea) lpattern(longdash) deg(1) bw(0.1)) //
> /
>         (lfit yres_lgini tres_lgini if _intra==1, lcolor(sea) lpattern(solid)), ///     
>         legend(order(2 1) cols(1) label(2 "处理组") label(1 "控制组") ///
>         ring(0) pos(11)) ///
>         xtitle(" " "余值化处理变量") ytitle("余值化结果" " ")
(note:  named style vermillion not found in class color, default attributes used)
(note:  named style vermillion not found in class color, default attributes used)
(note:  named style vermillion not found in class color, default attributes used)
(note:  named style vermillion not found in class color, default attributes used)
(note:  named style vermillion not found in class color, default attributes used)
(note:  named style sea not found in class color, default attributes used)
(note:  named style sea not found in class color, default attributes used)
(note:  named style sea not found in class color, default attributes used)
(note:  named style sea not found in class color, default attributes used)
(note:  named style sea not found in class color, default attributes used)
(note:  named style vermillion not found in class color, default attributes used)
(note:  named style vermillion not found in class color, default attributes used)
(note:  named style vermillion not found in class color, default attributes used)
(note:  named style vermillion not found in class color, default attributes used)
(note:  named style sea not found in class color, default attributes used)
(note:  named style sea not found in class color, default attributes used)
(note:  named style sea not found in class color, default attributes used)
(note:  named style sea not found in class color, default attributes used)

. 
end of do-file

. help scatter

. help lendge

. helo color
command helo is unrecognized
r(199);

. help color

. do "/var/folders/jn/8f16n6y15tx7lkglcmvfw83m0000gn/T//SD01675.000000"

. gen txtres_lgini = _intra*tres_lgini

. 
. reg yres_lgini tres_lgini _intra txtres_lgini

      Source |       SS           df       MS      Number of obs   =     1,519
-------------+----------------------------------   F(3, 1515)      =     18.59
       Model |  .226962135         3  .075654045   Prob > F        =    0.0000
    Residual |  6.16532241     1,515   .00406952   R-squared       =    0.0355
-------------+----------------------------------   Adj R-squared   =    0.0336
       Total |  6.39228454     1,518  .004210991   Root MSE        =    .06379

------------------------------------------------------------------------------
  yres_lgini | Coefficient  Std. err.      t    P>|t|     [95% conf. interval]
-------------+----------------------------------------------------------------
  tres_lgini |   .0278033    .019125     1.45   0.146    -.0097109    .0653176
      _intra |  -.0164767   .0063257    -2.60   0.009    -.0288846   -.0040687
txtres_lgini |  -.0792167   .0208432    -3.80   0.000    -.1201013   -.0383322
       _cons |   .0177413    .005968     2.97   0.003     .0060348    .0294478
------------------------------------------------------------------------------

. 
end of do-file

. help xtevent

. do "/var/folders/jn/8f16n6y15tx7lkglcmvfw83m0000gn/T//SD01675.000000"

. xtevent logistic_gini `Xs', pol(_intra) w(-10 15)  p(statefip) t(wrkyr)cluster(idcode) vce(cluster s
> tatefip)

No proxy or instruments provided. Implementing OLS estimator
variable idcode not found
(error in option cluster())
r(198);

end of do-file

r(198);

. do "/var/folders/jn/8f16n6y15tx7lkglcmvfw83m0000gn/T//SD01675.000000"

. xtevent logistic_gini `Xs', pol(_intra) w(-10 15)  p(statefip) t(wrkyr)vce(cluster statefip)

No proxy or instruments provided. Implementing OLS estimator

Linear regression, absorbing indicators             Number of obs     =  1,519
Absorbed variable: statefip                         No. of categories =     49
                                                    F(48, 48)         =      .
                                                    Prob > F          =      .
                                                    R-squared         = 0.5590
                                                    Adj R-squared     = 0.5262
                                                    Root MSE          = 0.0648

                              (Std. err. adjusted for 49 clusters in statefip)
------------------------------------------------------------------------------
             |               Robust
logistic_g~i | Coefficient  std. err.      t    P>|t|     [95% conf. interval]
-------------+----------------------------------------------------------------
   _k_eq_m11 |   .0411119   .0262789     1.56   0.124    -.0117255    .0939492
   _k_eq_m10 |   .0326476   .0222938     1.46   0.150    -.0121772    .0774724
    _k_eq_m9 |   .0349773   .0222236     1.57   0.122    -.0097062    .0796608
    _k_eq_m8 |   .0204743   .0208917     0.98   0.332    -.0215312    .0624797
    _k_eq_m7 |   .0050828   .0183223     0.28   0.783    -.0317567    .0419222
    _k_eq_m6 |   .0219988    .016673     1.32   0.193    -.0115245    .0555222
    _k_eq_m5 |   .0205911   .0151816     1.36   0.181    -.0099335    .0511157
    _k_eq_m4 |  -.0008222   .0149945    -0.05   0.957    -.0309706    .0293263
    _k_eq_m3 |   .0057262   .0123964     0.46   0.646    -.0191985    .0306509
    _k_eq_m2 |   .0200729    .012123     1.66   0.104    -.0043021    .0444479
    _k_eq_p0 |  -.0066025    .010521    -0.63   0.533    -.0277564    .0145515
    _k_eq_p1 |   .0011386   .0135135     0.08   0.933    -.0260321    .0283093
    _k_eq_p2 |  -.0110391   .0141357    -0.78   0.439    -.0394609    .0173827
    _k_eq_p3 |  -.0215991   .0164723    -1.31   0.196    -.0547188    .0115205
    _k_eq_p4 |  -.0206284   .0172498    -1.20   0.238    -.0553115    .0140548
    _k_eq_p5 |  -.0309152   .0190495    -1.62   0.111    -.0692168    .0073865
    _k_eq_p6 |  -.0450602   .0205036    -2.20   0.033    -.0862854   -.0038349
    _k_eq_p7 |  -.0560923   .0244764    -2.29   0.026    -.1053055   -.0068791
    _k_eq_p8 |  -.0349128   .0256876    -1.36   0.180    -.0865611    .0167356
    _k_eq_p9 |   -.052259   .0274301    -1.91   0.063     -.107411     .002893
   _k_eq_p10 |  -.0381525   .0301365    -1.27   0.212    -.0987461     .022441
   _k_eq_p11 |  -.0484944   .0314129    -1.54   0.129    -.1116543    .0146654
   _k_eq_p12 |  -.0456644   .0346511    -1.32   0.194    -.1153352    .0240064
   _k_eq_p13 |  -.0378445   .0340849    -1.11   0.272    -.1063767    .0306878
   _k_eq_p14 |  -.0446215   .0361518    -1.23   0.223    -.1173096    .0280665
   _k_eq_p15 |  -.0521791   .0372813    -1.40   0.168    -.1271382      .02278
   _k_eq_p16 |  -.0261682   .0408773    -0.64   0.525    -.1083576    .0560212
             |
       wrkyr |
       1977  |   .0024652   .0102842     0.24   0.812    -.0182127     .023143
       1978  |   .0871828   .0111683     7.81   0.000     .0647273    .1096382
       1979  |   .1377056   .0119725    11.50   0.000     .1136333    .1617778
       1980  |    .111439   .0132778     8.39   0.000     .0847421    .1381358
       1981  |   .1417298     .01441     9.84   0.000     .1127567     .170703
       1982  |   .3007584   .0192211    15.65   0.000     .2621118    .3394049
       1983  |   .1716938   .0190713     9.00   0.000     .1333483    .2100392
       1984  |   .1585944   .0204636     7.75   0.000     .1174495    .1997393
       1985  |   .1584012   .0195963     8.08   0.000     .1190001    .1978023
       1986  |   .1585463   .0208394     7.61   0.000     .1166458    .2004468
       1987  |   .1373923   .0240741     5.71   0.000     .0889881    .1857965
       1988  |   .1212133   .0267703     4.53   0.000      .067388    .1750385
       1989  |   .1275698   .0279939     4.56   0.000     .0712842    .1838553
       1990  |   .1117387   .0300761     3.72   0.001     .0512667    .1722108
       1991  |   .1176836   .0319491     3.68   0.001     .0534456    .1819216
       1992  |   .1213426   .0374067     3.24   0.002     .0461313    .1965539
       1993  |     .13532   .0383158     3.53   0.001     .0582808    .2123591
       1994  |   .1335893   .0389478     3.43   0.001     .0552794    .2118991
       1995  |    .193867   .0411997     4.71   0.000     .1110295    .2767045
       1996  |   .1613777   .0451623     3.57   0.001     .0705729    .2521826
       1997  |   .1834874   .0445634     4.12   0.000     .0938867     .273088
       1998  |   .1570273   .0474153     3.31   0.002     .0616925    .2523621
       1999  |    .144528   .0493355     2.93   0.005     .0453322    .2437237
       2000  |   .1917774    .047079     4.07   0.000     .0971187     .286436
       2001  |   .1726636   .0507016     3.41   0.001     .0707212     .274606
       2002  |   .1698924   .0510542     3.33   0.002     .0672411    .2725437
       2003  |   .1865133    .050635     3.68   0.001     .0847047    .2883219
       2004  |   .1690851    .050207     3.37   0.002     .0681372     .270033
       2005  |   .2007101   .0516738     3.88   0.000     .0968129    .3046072
       2006  |   .1828014   .0513511     3.56   0.001     .0795531    .2860497
             |
       _cons |  -.4095711   .0199133   -20.57   0.000    -.4496096   -.3695327
------------------------------------------------------------------------------

. 
end of do-file

. do "/var/folders/jn/8f16n6y15tx7lkglcmvfw83m0000gn/T//SD01675.000000"

. xtevent logistic_gini `Xs', pol(_intra) w(-10 15)  p(statefip) t(wrkyr)vce(cluster statefip) plot

No proxy or instruments provided. Implementing OLS estimator

Linear regression, absorbing indicators             Number of obs     =  1,519
Absorbed variable: statefip                         No. of categories =     49
                                                    F(48, 48)         =      .
                                                    Prob > F          =      .
                                                    R-squared         = 0.5590
                                                    Adj R-squared     = 0.5262
                                                    Root MSE          = 0.0648

                              (Std. err. adjusted for 49 clusters in statefip)
------------------------------------------------------------------------------
             |               Robust
logistic_g~i | Coefficient  std. err.      t    P>|t|     [95% conf. interval]
-------------+----------------------------------------------------------------
   _k_eq_m11 |   .0411119   .0262789     1.56   0.124    -.0117255    .0939492
   _k_eq_m10 |   .0326476   .0222938     1.46   0.150    -.0121772    .0774724
    _k_eq_m9 |   .0349773   .0222236     1.57   0.122    -.0097062    .0796608
    _k_eq_m8 |   .0204743   .0208917     0.98   0.332    -.0215312    .0624797
    _k_eq_m7 |   .0050828   .0183223     0.28   0.783    -.0317567    .0419222
    _k_eq_m6 |   .0219988    .016673     1.32   0.193    -.0115245    .0555222
    _k_eq_m5 |   .0205911   .0151816     1.36   0.181    -.0099335    .0511157
    _k_eq_m4 |  -.0008222   .0149945    -0.05   0.957    -.0309706    .0293263
    _k_eq_m3 |   .0057262   .0123964     0.46   0.646    -.0191985    .0306509
    _k_eq_m2 |   .0200729    .012123     1.66   0.104    -.0043021    .0444479
    _k_eq_p0 |  -.0066025    .010521    -0.63   0.533    -.0277564    .0145515
    _k_eq_p1 |   .0011386   .0135135     0.08   0.933    -.0260321    .0283093
    _k_eq_p2 |  -.0110391   .0141357    -0.78   0.439    -.0394609    .0173827
    _k_eq_p3 |  -.0215991   .0164723    -1.31   0.196    -.0547188    .0115205
    _k_eq_p4 |  -.0206284   .0172498    -1.20   0.238    -.0553115    .0140548
    _k_eq_p5 |  -.0309152   .0190495    -1.62   0.111    -.0692168    .0073865
    _k_eq_p6 |  -.0450602   .0205036    -2.20   0.033    -.0862854   -.0038349
    _k_eq_p7 |  -.0560923   .0244764    -2.29   0.026    -.1053055   -.0068791
    _k_eq_p8 |  -.0349128   .0256876    -1.36   0.180    -.0865611    .0167356
    _k_eq_p9 |   -.052259   .0274301    -1.91   0.063     -.107411     .002893
   _k_eq_p10 |  -.0381525   .0301365    -1.27   0.212    -.0987461     .022441
   _k_eq_p11 |  -.0484944   .0314129    -1.54   0.129    -.1116543    .0146654
   _k_eq_p12 |  -.0456644   .0346511    -1.32   0.194    -.1153352    .0240064
   _k_eq_p13 |  -.0378445   .0340849    -1.11   0.272    -.1063767    .0306878
   _k_eq_p14 |  -.0446215   .0361518    -1.23   0.223    -.1173096    .0280665
   _k_eq_p15 |  -.0521791   .0372813    -1.40   0.168    -.1271382      .02278
   _k_eq_p16 |  -.0261682   .0408773    -0.64   0.525    -.1083576    .0560212
             |
       wrkyr |
       1977  |   .0024652   .0102842     0.24   0.812    -.0182127     .023143
       1978  |   .0871828   .0111683     7.81   0.000     .0647273    .1096382
       1979  |   .1377056   .0119725    11.50   0.000     .1136333    .1617778
       1980  |    .111439   .0132778     8.39   0.000     .0847421    .1381358
       1981  |   .1417298     .01441     9.84   0.000     .1127567     .170703
       1982  |   .3007584   .0192211    15.65   0.000     .2621118    .3394049
       1983  |   .1716938   .0190713     9.00   0.000     .1333483    .2100392
       1984  |   .1585944   .0204636     7.75   0.000     .1174495    .1997393
       1985  |   .1584012   .0195963     8.08   0.000     .1190001    .1978023
       1986  |   .1585463   .0208394     7.61   0.000     .1166458    .2004468
       1987  |   .1373923   .0240741     5.71   0.000     .0889881    .1857965
       1988  |   .1212133   .0267703     4.53   0.000      .067388    .1750385
       1989  |   .1275698   .0279939     4.56   0.000     .0712842    .1838553
       1990  |   .1117387   .0300761     3.72   0.001     .0512667    .1722108
       1991  |   .1176836   .0319491     3.68   0.001     .0534456    .1819216
       1992  |   .1213426   .0374067     3.24   0.002     .0461313    .1965539
       1993  |     .13532   .0383158     3.53   0.001     .0582808    .2123591
       1994  |   .1335893   .0389478     3.43   0.001     .0552794    .2118991
       1995  |    .193867   .0411997     4.71   0.000     .1110295    .2767045
       1996  |   .1613777   .0451623     3.57   0.001     .0705729    .2521826
       1997  |   .1834874   .0445634     4.12   0.000     .0938867     .273088
       1998  |   .1570273   .0474153     3.31   0.002     .0616925    .2523621
       1999  |    .144528   .0493355     2.93   0.005     .0453322    .2437237
       2000  |   .1917774    .047079     4.07   0.000     .0971187     .286436
       2001  |   .1726636   .0507016     3.41   0.001     .0707212     .274606
       2002  |   .1698924   .0510542     3.33   0.002     .0672411    .2725437
       2003  |   .1865133    .050635     3.68   0.001     .0847047    .2883219
       2004  |   .1690851    .050207     3.37   0.002     .0681372     .270033
       2005  |   .2007101   .0516738     3.88   0.000     .0968129    .3046072
       2006  |   .1828014   .0513511     3.56   0.001     .0795531    .2860497
             |
       _cons |  -.4095711   .0199133   -20.57   0.000    -.4496096   -.3695327
------------------------------------------------------------------------------

. 
end of do-file

. do "/var/folders/jn/8f16n6y15tx7lkglcmvfw83m0000gn/T//SD01675.000000"

. xtevent logistic_gini `Xs', pol(_intra) w(-9 14)  p(statefip) t(wrkyr)vce(cluster statefip) plot

No proxy or instruments provided. Implementing OLS estimator

Linear regression, absorbing indicators             Number of obs     =  1,519
Absorbed variable: statefip                         No. of categories =     49
                                                    F(48, 48)         =      .
                                                    Prob > F          =      .
                                                    R-squared         = 0.5574
                                                    Adj R-squared     = 0.5251
                                                    Root MSE          = 0.0650

                              (Std. err. adjusted for 49 clusters in statefip)
------------------------------------------------------------------------------
             |               Robust
logistic_g~i | Coefficient  std. err.      t    P>|t|     [95% conf. interval]
-------------+----------------------------------------------------------------
   _k_eq_m10 |   .0468794   .0238791     1.96   0.055    -.0011327    .0948915
    _k_eq_m9 |   .0405061   .0221103     1.83   0.073    -.0039497    .0849619
    _k_eq_m8 |   .0251821   .0205566     1.23   0.227    -.0161497    .0665138
    _k_eq_m7 |   .0091796   .0178111     0.52   0.609     -.026632    .0449912
    _k_eq_m6 |   .0251994   .0165243     1.52   0.134    -.0080248    .0584237
    _k_eq_m5 |   .0231218   .0149404     1.55   0.128     -.006918    .0531615
    _k_eq_m4 |   .0011927   .0148354     0.08   0.936    -.0286359    .0310212
    _k_eq_m3 |   .0069904   .0122958     0.57   0.572     -.017732    .0317128
    _k_eq_m2 |   .0204472   .0120336     1.70   0.096     -.003748    .0446424
    _k_eq_p0 |  -.0074014   .0105543    -0.70   0.487    -.0286223    .0138195
    _k_eq_p1 |  -.0006934   .0135836    -0.05   0.959    -.0280052    .0266183
    _k_eq_p2 |   -.012852   .0141945    -0.91   0.370    -.0413919    .0156879
    _k_eq_p3 |  -.0242295   .0164389    -1.47   0.147    -.0572822    .0088232
    _k_eq_p4 |  -.0245504   .0171997    -1.43   0.160    -.0591327    .0100319
    _k_eq_p5 |  -.0352237   .0189323    -1.86   0.069    -.0732897    .0028424
    _k_eq_p6 |  -.0504277    .020334    -2.48   0.017     -.091312   -.0095434
    _k_eq_p7 |  -.0622271   .0243205    -2.56   0.014    -.1111267   -.0133275
    _k_eq_p8 |  -.0415937   .0255635    -1.63   0.110    -.0929926    .0098052
    _k_eq_p9 |  -.0594246   .0270126    -2.20   0.033    -.1137372   -.0051121
   _k_eq_p10 |  -.0461737   .0300972    -1.53   0.132    -.1066882    .0143408
   _k_eq_p11 |  -.0571636   .0310271    -1.84   0.072    -.1195477    .0052206
   _k_eq_p12 |  -.0547034   .0340398    -1.61   0.115    -.1231451    .0137382
   _k_eq_p13 |  -.0476201    .033697    -1.41   0.164    -.1153724    .0201322
   _k_eq_p14 |  -.0550336   .0357882    -1.54   0.131    -.1269905    .0169233
   _k_eq_p15 |  -.0443322   .0385967    -1.15   0.256    -.1219361    .0332716
             |
       wrkyr |
       1977  |    .003226    .010214     0.32   0.753    -.0173107    .0237626
       1978  |   .0876414   .0111791     7.84   0.000     .0651643    .1101185
       1979  |   .1384353   .0115979    11.94   0.000     .1151161    .1617545
       1980  |    .113697   .0131218     8.66   0.000     .0873139    .1400802
       1981  |   .1439626   .0143633    10.02   0.000     .1150833    .1728419
       1982  |   .3040133    .018892    16.09   0.000     .2660283    .3419983
       1983  |   .1759882   .0191127     9.21   0.000     .1375595    .2144169
       1984  |   .1633219    .020485     7.97   0.000     .1221341    .2045097
       1985  |   .1637237   .0191955     8.53   0.000     .1251287    .2023188
       1986  |    .164794   .0203276     8.11   0.000     .1239226    .2056655
       1987  |    .144311   .0237033     6.09   0.000     .0966524    .1919696
       1988  |   .1286833   .0262721     4.90   0.000     .0758596     .181507
       1989  |   .1357787   .0277022     4.90   0.000     .0800798    .1914777
       1990  |   .1204322    .029678     4.06   0.000     .0607606    .1801038
       1991  |   .1225103    .031708     3.86   0.000     .0587572    .1862634
       1992  |    .132788   .0357727     3.71   0.001     .0608621    .2047138
       1993  |   .1474231   .0371283     3.97   0.000     .0727716    .2220746
       1994  |   .1463002   .0379824     3.85   0.000     .0699314    .2226689
       1995  |   .2072849   .0404508     5.12   0.000     .1259531    .2886167
       1996  |   .1753921   .0438123     4.00   0.000     .0873015    .2634826
       1997  |   .1976765   .0434323     4.55   0.000     .1103501    .2850029
       1998  |    .172315   .0459431     3.75   0.000     .0799401    .2646899
       1999  |   .1603606   .0477881     3.36   0.002     .0642762    .2564451
       2000  |   .2080925   .0455038     4.57   0.000     .1166009    .2995841
       2001  |   .1883266   .0490019     3.84   0.000     .0898018    .2868515
       2002  |   .1872104   .0493239     3.80   0.000      .088038    .2863829
       2003  |   .2032172   .0489166     4.15   0.000     .1048638    .3015705
       2004  |   .1863493   .0481871     3.87   0.000     .0894625     .283236
       2005  |   .2209072   .0493247     4.48   0.000     .1217333    .3200811
       2006  |   .2021072   .0490003     4.12   0.000     .1035855    .3006289
             |
       _cons |  -.4137938   .0194617   -21.26   0.000    -.4529241   -.3746635
------------------------------------------------------------------------------

. 
end of do-file

. drop if _intra==1
(1,101 observations deleted)

. panelview logistic_gini _intra,i(statefip) t(wrkyr) type(treat)
Only one treatment level

. xtevent logistic_gini `Xs', pol(_intra) w(-9 14)  p(statefip) t(wrkyr)vce(cluster statefip) plot

No proxy or instruments provided. Implementing OLS estimator
note: _k_eq_m10 omitted because of collinearity.
note: _k_eq_m9 omitted because of collinearity.
note: _k_eq_m8 omitted because of collinearity.
note: _k_eq_m7 omitted because of collinearity.
note: _k_eq_m6 omitted because of collinearity.
note: _k_eq_m5 omitted because of collinearity.
note: _k_eq_m4 omitted because of collinearity.
note: _k_eq_m3 omitted because of collinearity.
note: _k_eq_m2 omitted because of collinearity.
note: _k_eq_p0 omitted because of collinearity.
note: _k_eq_p1 omitted because of collinearity.
note: _k_eq_p2 omitted because of collinearity.
note: _k_eq_p3 omitted because of collinearity.
note: _k_eq_p4 omitted because of collinearity.
note: _k_eq_p5 omitted because of collinearity.
note: _k_eq_p6 omitted because of collinearity.
note: _k_eq_p7 omitted because of collinearity.
note: _k_eq_p8 omitted because of collinearity.
note: _k_eq_p9 omitted because of collinearity.
note: _k_eq_p10 omitted because of collinearity.
note: _k_eq_p11 omitted because of collinearity.
note: _k_eq_p12 omitted because of collinearity.
note: _k_eq_p13 omitted because of collinearity.
note: _k_eq_p14 omitted because of collinearity.
note: _k_eq_p15 omitted because of collinearity.

Linear regression, absorbing indicators             Number of obs     =    418
Absorbed variable: statefip                         No. of categories =     37
                                                    F(17, 36)         =      .
                                                    Prob > F          =      .
                                                    R-squared         = 0.7825
                                                    Adj R-squared     = 0.7467
                                                    Root MSE          = 0.0511

                              (Std. err. adjusted for 37 clusters in statefip)
------------------------------------------------------------------------------
             |               Robust
logistic_g~i | Coefficient  std. err.      t    P>|t|     [95% conf. interval]
-------------+----------------------------------------------------------------
   _k_eq_m10 |          0  (omitted)
    _k_eq_m9 |          0  (omitted)
    _k_eq_m8 |          0  (omitted)
    _k_eq_m7 |          0  (omitted)
    _k_eq_m6 |          0  (omitted)
    _k_eq_m5 |          0  (omitted)
    _k_eq_m4 |          0  (omitted)
    _k_eq_m3 |          0  (omitted)
    _k_eq_m2 |          0  (omitted)
    _k_eq_p0 |          0  (omitted)
    _k_eq_p1 |          0  (omitted)
    _k_eq_p2 |          0  (omitted)
    _k_eq_p3 |          0  (omitted)
    _k_eq_p4 |          0  (omitted)
    _k_eq_p5 |          0  (omitted)
    _k_eq_p6 |          0  (omitted)
    _k_eq_p7 |          0  (omitted)
    _k_eq_p8 |          0  (omitted)
    _k_eq_p9 |          0  (omitted)
   _k_eq_p10 |          0  (omitted)
   _k_eq_p11 |          0  (omitted)
   _k_eq_p12 |          0  (omitted)
   _k_eq_p13 |          0  (omitted)
   _k_eq_p14 |          0  (omitted)
   _k_eq_p15 |          0  (omitted)
             |
       wrkyr |
       1977  |  -.0031261   .0118007    -0.26   0.793    -.0270592    .0208069
       1978  |   .0761525   .0121921     6.25   0.000     .0514258    .1008791
       1979  |   .1290491   .0122747    10.51   0.000     .1041548    .1539434
       1980  |   .1010839   .0132089     7.65   0.000     .0742951    .1278728
       1981  |   .1238483   .0125958     9.83   0.000     .0983029    .1493938
       1982  |   .2843259   .0197033    14.43   0.000     .2443656    .3242861
       1983  |   .1547029   .0150825    10.26   0.000     .1241142    .1852916
       1984  |   .1427674   .0164906     8.66   0.000     .1093228    .1762119
       1985  |   .1311582   .0134708     9.74   0.000     .1038382    .1584781
       1986  |   .1340147   .0153788     8.71   0.000     .1028251    .1652044
       1987  |   .1232348   .0175519     7.02   0.000     .0876379    .1588317
       1988  |   .1008619   .0195149     5.17   0.000     .0612838      .14044
       1989  |   .0783467    .017591     4.45   0.000     .0426705     .114023
       1990  |   .0539177   .0313326     1.72   0.094    -.0096278    .1174633
       1991  |   .0536076   .0270387     1.98   0.055    -.0012296    .1084447
       1992  |   .0530181   .0311011     1.70   0.097    -.0100579    .1160941
       1993  |   .0544449   .0295377     1.84   0.074    -.0054603    .1143501
       1994  |  -.0286129   .0288623    -0.99   0.328    -.0871483    .0299224
       1995  |   .1416583   .0111283    12.73   0.000     .1190891    .1642275
       1996  |  -.0733454   .0111283    -6.59   0.000    -.0959146   -.0507762
       1997  |  -.0221361   .0111283    -1.99   0.054    -.0447053     .000433
       1998  |   .0709519   .0111283     6.38   0.000     .0483827    .0935211
       1999  |  -.0999657   .0111283    -8.98   0.000    -.1225349   -.0773965
             |
       _cons |  -.3741216   .0100019   -37.41   0.000    -.3944064   -.3538369
------------------------------------------------------------------------------
Warning: Some event-time dummies were omitted in the regression. These coefficients will be shown as z
> ero in the plot. Check the window and the instruments, if any.
           mm_quantile():  3351  argument has missing values
                  supt():     -  function returned error
                 <istmt>:     -  function returned error
r(3351);

. xtevent logistic_gini `Xs', pol(_intra) w(-5 10)  p(statefip) t(wrkyr)vce(cluster statefip) plot

No proxy or instruments provided. Implementing OLS estimator
note: _k_eq_m6 omitted because of collinearity.
note: _k_eq_m5 omitted because of collinearity.
note: _k_eq_m4 omitted because of collinearity.
note: _k_eq_m3 omitted because of collinearity.
note: _k_eq_m2 omitted because of collinearity.
note: _k_eq_p0 omitted because of collinearity.
note: _k_eq_p1 omitted because of collinearity.
note: _k_eq_p2 omitted because of collinearity.
note: _k_eq_p3 omitted because of collinearity.
note: _k_eq_p4 omitted because of collinearity.
note: _k_eq_p5 omitted because of collinearity.
note: _k_eq_p6 omitted because of collinearity.
note: _k_eq_p7 omitted because of collinearity.
note: _k_eq_p8 omitted because of collinearity.
note: _k_eq_p9 omitted because of collinearity.
note: _k_eq_p10 omitted because of collinearity.
note: _k_eq_p11 omitted because of collinearity.

Linear regression, absorbing indicators             Number of obs     =    418
Absorbed variable: statefip                         No. of categories =     37
                                                    F(17, 36)         =      .
                                                    Prob > F          =      .
                                                    R-squared         = 0.7825
                                                    Adj R-squared     = 0.7467
                                                    Root MSE          = 0.0511

                              (Std. err. adjusted for 37 clusters in statefip)
------------------------------------------------------------------------------
             |               Robust
logistic_g~i | Coefficient  std. err.      t    P>|t|     [95% conf. interval]
-------------+----------------------------------------------------------------
    _k_eq_m6 |          0  (omitted)
    _k_eq_m5 |          0  (omitted)
    _k_eq_m4 |          0  (omitted)
    _k_eq_m3 |          0  (omitted)
    _k_eq_m2 |          0  (omitted)
    _k_eq_p0 |          0  (omitted)
    _k_eq_p1 |          0  (omitted)
    _k_eq_p2 |          0  (omitted)
    _k_eq_p3 |          0  (omitted)
    _k_eq_p4 |          0  (omitted)
    _k_eq_p5 |          0  (omitted)
    _k_eq_p6 |          0  (omitted)
    _k_eq_p7 |          0  (omitted)
    _k_eq_p8 |          0  (omitted)
    _k_eq_p9 |          0  (omitted)
   _k_eq_p10 |          0  (omitted)
   _k_eq_p11 |          0  (omitted)
             |
       wrkyr |
       1977  |  -.0031261   .0118007    -0.26   0.793    -.0270592    .0208069
       1978  |   .0761525   .0121921     6.25   0.000     .0514258    .1008791
       1979  |   .1290491   .0122747    10.51   0.000     .1041548    .1539434
       1980  |   .1010839   .0132089     7.65   0.000     .0742951    .1278728
       1981  |   .1238483   .0125958     9.83   0.000     .0983029    .1493938
       1982  |   .2843259   .0197033    14.43   0.000     .2443656    .3242861
       1983  |   .1547029   .0150825    10.26   0.000     .1241142    .1852916
       1984  |   .1427674   .0164906     8.66   0.000     .1093228    .1762119
       1985  |   .1311582   .0134708     9.74   0.000     .1038382    .1584781
       1986  |   .1340147   .0153788     8.71   0.000     .1028251    .1652044
       1987  |   .1232348   .0175519     7.02   0.000     .0876379    .1588317
       1988  |   .1008619   .0195149     5.17   0.000     .0612838      .14044
       1989  |   .0783467    .017591     4.45   0.000     .0426705     .114023
       1990  |   .0539177   .0313326     1.72   0.094    -.0096278    .1174633
       1991  |   .0536076   .0270387     1.98   0.055    -.0012296    .1084447
       1992  |   .0530181   .0311011     1.70   0.097    -.0100579    .1160941
       1993  |   .0544449   .0295377     1.84   0.074    -.0054603    .1143501
       1994  |  -.0286129   .0288623    -0.99   0.328    -.0871483    .0299224
       1995  |   .1416583   .0111283    12.73   0.000     .1190891    .1642275
       1996  |  -.0733454   .0111283    -6.59   0.000    -.0959146   -.0507762
       1997  |  -.0221361   .0111283    -1.99   0.054    -.0447053     .000433
       1998  |   .0709519   .0111283     6.38   0.000     .0483827    .0935211
       1999  |  -.0999657   .0111283    -8.98   0.000    -.1225349   -.0773965
             |
       _cons |  -.3741216   .0100019   -37.41   0.000    -.3944064   -.3538369
------------------------------------------------------------------------------
Warning: Some event-time dummies were omitted in the regression. These coefficients will be shown as z
> ero in the plot. Check the window and the instruments, if any.
           mm_quantile():  3351  argument has missing values
                  supt():     -  function returned error
                 <istmt>:     -  function returned error
r(3351);

. clear

. do "/var/folders/jn/8f16n6y15tx7lkglcmvfw83m0000gn/T//SD01675.000000"

. #delimit;
delimiter now ;
. clear;

. set mem 100m;
set memory ignored.
    Memory no longer needs to be set in modern Statas; memory adjustments are performed on the fly
    automatically.

. set more off;

. cd "/Users/xuwenli/OneDrive/DSGE建模及软件编程/教学大纲与讲稿/应用计量经济学讲稿/bbb";
/Users/xuwenli/OneDrive/DSGE建模及软件编程/教学大纲与讲稿/应用计量经济学讲稿/bbb

. // log using TableII.log, replace;
> 
> use "/Users/xuwenli/OneDrive/DSGE建模及软件编程/教学大纲与讲稿/应用计量经济学讲稿/bbb/macro_workfile
> .dta", clear;
(Data for 'Big Bad Banks?' paper.)

. label var _intra "Bank deregulation";

. xtset statefip wrkyr;

Panel variable: statefip (strongly balanced)
 Time variable: wrkyr, 1976 to 2006
         Delta: 1 unit

. tabulate wrkyr, gen(wrkyr_dumm);

       Year |      Freq.     Percent        Cum.
------------+-----------------------------------
       1976 |         49        3.23        3.23
       1977 |         49        3.23        6.45
       1978 |         49        3.23        9.68
       1979 |         49        3.23       12.90
       1980 |         49        3.23       16.13
       1981 |         49        3.23       19.35
       1982 |         49        3.23       22.58
       1983 |         49        3.23       25.81
       1984 |         49        3.23       29.03
       1985 |         49        3.23       32.26
       1986 |         49        3.23       35.48
       1987 |         49        3.23       38.71
       1988 |         49        3.23       41.94
       1989 |         49        3.23       45.16
       1990 |         49        3.23       48.39
       1991 |         49        3.23       51.61
       1992 |         49        3.23       54.84
       1993 |         49        3.23       58.06
       1994 |         49        3.23       61.29
       1995 |         49        3.23       64.52
       1996 |         49        3.23       67.74
       1997 |         49        3.23       70.97
       1998 |         49        3.23       74.19
       1999 |         49        3.23       77.42
       2000 |         49        3.23       80.65
       2001 |         49        3.23       83.87
       2002 |         49        3.23       87.10
       2003 |         49        3.23       90.32
       2004 |         49        3.23       93.55
       2005 |         49        3.23       96.77
       2006 |         49        3.23      100.00
------------+-----------------------------------
      Total |      1,519      100.00

. tabulate statefip, gen(state_dumm);

 State FIPS |
       code |      Freq.     Percent        Cum.
------------+-----------------------------------
          1 |         31        2.04        2.04
          2 |         31        2.04        4.08
          4 |         31        2.04        6.12
          5 |         31        2.04        8.16
          6 |         31        2.04       10.20
          8 |         31        2.04       12.24
          9 |         31        2.04       14.29
         11 |         31        2.04       16.33
         12 |         31        2.04       18.37
         13 |         31        2.04       20.41
         15 |         31        2.04       22.45
         16 |         31        2.04       24.49
         17 |         31        2.04       26.53
         18 |         31        2.04       28.57
         19 |         31        2.04       30.61
         20 |         31        2.04       32.65
         21 |         31        2.04       34.69
         22 |         31        2.04       36.73
         23 |         31        2.04       38.78
         24 |         31        2.04       40.82
         25 |         31        2.04       42.86
         26 |         31        2.04       44.90
         27 |         31        2.04       46.94
         28 |         31        2.04       48.98
         29 |         31        2.04       51.02
         30 |         31        2.04       53.06
         31 |         31        2.04       55.10
         32 |         31        2.04       57.14
         33 |         31        2.04       59.18
         34 |         31        2.04       61.22
         35 |         31        2.04       63.27
         36 |         31        2.04       65.31
         37 |         31        2.04       67.35
         38 |         31        2.04       69.39
         39 |         31        2.04       71.43
         40 |         31        2.04       73.47
         41 |         31        2.04       75.51
         42 |         31        2.04       77.55
         44 |         31        2.04       79.59
         45 |         31        2.04       81.63
         47 |         31        2.04       83.67
         48 |         31        2.04       85.71
         49 |         31        2.04       87.76
         50 |         31        2.04       89.80
         51 |         31        2.04       91.84
         53 |         31        2.04       93.88
         54 |         31        2.04       95.92
         55 |         31        2.04       97.96
         56 |         31        2.04      100.00
------------+-----------------------------------
      Total |      1,519      100.00

. replace p10 = 1 if p10==0;
(1 real change made)

. generate logistic_gini = log(gini/(1-gini));

. generate log_gini      = log(gini);

. generate log_theil     = log(theil);

. generate log_9010      = log(p90)-log(p10);

. generate log_7525      = log(p75)-log(p25);

. local Xs gsp_pc_growth prop_blacks prop_dropouts prop_female_headed unemploymentrate;

. 
end of do-file

. panelview logistic_gini _intra,i(statefip) t(wrkyr) type(treat)

. panelview logistic_gini _intra,i(statefip) t(wrkyr) type(treat) xtitle("时间") ytitle("地区")

. xtevent logistic_gini `Xs' if wrkyr<1999, pol(_intra) w(-9 14)  p(statefip) t(wrkyr)vce(cluster stat
> efip) plot

No proxy or instruments provided. Implementing OLS estimator

Linear regression, absorbing indicators             Number of obs     =  1,127
Absorbed variable: statefip                         No. of categories =     49
                                                    F(47, 48)         = 177.63
                                                    Prob > F          = 0.0000
                                                    R-squared         = 0.6431
                                                    Adj R-squared     = 0.6102
                                                    Root MSE          = 0.0605

                              (Std. err. adjusted for 49 clusters in statefip)
------------------------------------------------------------------------------
             |               Robust
logistic_g~i | Coefficient  std. err.      t    P>|t|     [95% conf. interval]
-------------+----------------------------------------------------------------
   _k_eq_m10 |  -.0429326    .024438    -1.76   0.085    -.0920686    .0062033
    _k_eq_m9 |  -.0205126   .0206001    -1.00   0.324    -.0619319    .0209067
    _k_eq_m8 |  -.0303677   .0192431    -1.58   0.121    -.0690585     .008323
    _k_eq_m7 |  -.0396752   .0168043    -2.36   0.022    -.0734624   -.0058879
    _k_eq_m6 |  -.0169799   .0155985    -1.09   0.282    -.0483427    .0143829
    _k_eq_m5 |  -.0121168   .0127811    -0.95   0.348    -.0378149    .0135812
    _k_eq_m4 |  -.0278383   .0153088    -1.82   0.075    -.0586187    .0029421
    _k_eq_m3 |  -.0151494    .013092    -1.16   0.253    -.0414727     .011174
    _k_eq_m2 |   .0049289   .0113539     0.43   0.666    -.0178995    .0277574
    _k_eq_p0 |  -.0095654   .0095806    -1.00   0.323    -.0288285    .0096978
    _k_eq_p1 |    .002177   .0122806     0.18   0.860    -.0225148    .0268688
    _k_eq_p2 |  -.0023477   .0136923    -0.17   0.865    -.0298779    .0251824
    _k_eq_p3 |  -.0084963   .0153375    -0.55   0.582    -.0393345    .0223418
    _k_eq_p4 |  -.0001052   .0160396    -0.01   0.995     -.032355    .0321447
    _k_eq_p5 |  -.0052464   .0179508    -0.29   0.771    -.0413389    .0308462
    _k_eq_p6 |  -.0187709   .0189512    -0.99   0.327    -.0568748    .0193331
    _k_eq_p7 |  -.0273367   .0203024    -1.35   0.184    -.0681575    .0134841
    _k_eq_p8 |   .0003197   .0238435     0.01   0.989    -.0476208    .0482603
    _k_eq_p9 |  -.0111741   .0244103    -0.46   0.649    -.0602544    .0379062
   _k_eq_p10 |   .0177603    .027161     0.65   0.516    -.0368506    .0723712
   _k_eq_p11 |    .003696   .0288169     0.13   0.898    -.0542443    .0616364
   _k_eq_p12 |    .025845   .0310055     0.83   0.409    -.0364958    .0881858
   _k_eq_p13 |   .0288027   .0322812     0.89   0.377     -.036103    .0937084
   _k_eq_p14 |   .0279639    .035772     0.78   0.438    -.0439605    .0998883
   _k_eq_p15 |   .0642318   .0387535     1.66   0.104    -.0136874     .142151
             |
       wrkyr |
       1977  |  -.0017002   .0102372    -0.17   0.869    -.0222835    .0188831
       1978  |   .0779051   .0109137     7.14   0.000     .0559617    .0998485
       1979  |   .1223586   .0114005    10.73   0.000     .0994364    .1452808
       1980  |   .0892678   .0129142     6.91   0.000      .063302    .1152335
       1981  |   .1138644   .0146884     7.75   0.000     .0843313    .1433974
       1982  |   .2675905   .0181503    14.74   0.000      .231097    .3040841
       1983  |    .133473   .0175368     7.61   0.000     .0982129    .1687332
       1984  |   .1146912   .0184667     6.21   0.000     .0775614    .1518209
       1985  |   .1080311    .017947     6.02   0.000     .0719463    .1441159
       1986  |   .1004127     .02018     4.98   0.000      .059838    .1409874
       1987  |   .0754277   .0229208     3.29   0.002     .0293423     .121513
       1988  |   .0501843   .0259244     1.94   0.059    -.0019402    .1023088
       1989  |   .0544978   .0268782     2.03   0.048     .0004555    .1085401
       1990  |   .0322557   .0287809     1.12   0.268    -.0256122    .0901237
       1991  |   .0240475   .0291258     0.83   0.413    -.0345139    .0826089
       1992  |   .0296776   .0319431     0.93   0.357    -.0345484    .0939036
       1993  |   .0393843   .0327951     1.20   0.236    -.0265546    .1053232
       1994  |   .0336203   .0346096     0.97   0.336    -.0359671    .1032076
       1995  |    .090881   .0359021     2.53   0.015      .018695    .1630671
       1996  |    .054065   .0390154     1.39   0.172    -.0243809    .1325108
       1997  |   .0721262   .0402459     1.79   0.079    -.0087936    .1530461
       1998  |   .0414394   .0403197     1.03   0.309    -.0396288    .1225077
             |
       _cons |  -.3574741   .0185297   -19.29   0.000    -.3947306   -.3202175
------------------------------------------------------------------------------

. drop if statefip ==2 |statefip ==4 |statefip ==6 |statefip ==11 |statefip ==16 |statefip ==23 |state
> fip ==24 |statefip ==32 |statefip ==37 |statefip ==44 |statefip ==45 |statefip ==50 |
invalid syntax
r(198);

. drop if statefip ==2 |statefip ==4 |statefip ==6 |statefip ==11 |statefip ==16 |statefip ==23 |state
> fip ==24 |statefip ==32 |statefip ==37 |statefip ==44 |statefip ==45 |statefip ==50
(372 observations deleted)

. xtevent logistic_gini `Xs' , pol(_intra) w(-9 14)  p(statefip) t(wrkyr)vce(cluster statefip) plot

No proxy or instruments provided. Implementing OLS estimator

Linear regression, absorbing indicators             Number of obs     =  1,147
Absorbed variable: statefip                         No. of categories =     37
                                                    F(36, 36)         =      .
                                                    Prob > F          =      .
                                                    R-squared         = 0.5764
                                                    Adj R-squared     = 0.5399
                                                    Root MSE          = 0.0622

                              (Std. err. adjusted for 37 clusters in statefip)
------------------------------------------------------------------------------
             |               Robust
logistic_g~i | Coefficient  std. err.      t    P>|t|     [95% conf. interval]
-------------+----------------------------------------------------------------
   _k_eq_m10 |   .0453384   .0305758     1.48   0.147    -.0166723    .1073491
    _k_eq_m9 |   .0389906   .0283278     1.38   0.177    -.0184609    .0964421
    _k_eq_m8 |   .0247914   .0253317     0.98   0.334    -.0265836    .0761665
    _k_eq_m7 |   .0072055   .0221701     0.33   0.747    -.0377575    .0521684
    _k_eq_m6 |   .0237819   .0195815     1.21   0.232    -.0159311     .063495
    _k_eq_m5 |   .0224711   .0168273     1.34   0.190    -.0116564    .0565985
    _k_eq_m4 |  -.0008273    .016544    -0.05   0.960    -.0343802    .0327256
    _k_eq_m3 |   .0066878   .0127482     0.52   0.603    -.0191668    .0325424
    _k_eq_m2 |   .0203245   .0117425     1.73   0.092    -.0034904    .0441394
    _k_eq_p0 |  -.0074324   .0094861    -0.78   0.438    -.0266712    .0118063
    _k_eq_p1 |  -.0035504   .0156752    -0.23   0.822    -.0353411    .0282403
    _k_eq_p2 |  -.0196341   .0181558    -1.08   0.287    -.0564558    .0171876
    _k_eq_p3 |   -.023765   .0214412    -1.11   0.275    -.0672496    .0197197
    _k_eq_p4 |  -.0196219   .0231776    -0.85   0.403    -.0666283    .0273845
    _k_eq_p5 |  -.0354993   .0264159    -1.34   0.187    -.0890732    .0180746
    _k_eq_p6 |  -.0411169    .030142    -1.36   0.181    -.1022477     .020014
    _k_eq_p7 |  -.0558666   .0373854    -1.49   0.144    -.1316878    .0199545
    _k_eq_p8 |  -.0276984     .04195    -0.66   0.513     -.112777    .0573802
    _k_eq_p9 |  -.0447975   .0416262    -1.08   0.289    -.1292193    .0396242
   _k_eq_p10 |  -.0360542    .045375    -0.79   0.432    -.1280789    .0559704
   _k_eq_p11 |  -.0373247   .0473216    -0.79   0.435    -.1332973     .058648
   _k_eq_p12 |  -.0382319   .0511773    -0.75   0.460    -.1420243    .0655605
   _k_eq_p13 |  -.0359483   .0510167    -0.70   0.486    -.1394149    .0675183
   _k_eq_p14 |   -.038946   .0543109    -0.72   0.478    -.1490937    .0712017
   _k_eq_p15 |  -.0191315   .0609055    -0.31   0.755    -.1426534    .1043905
             |
       wrkyr |
       1977  |  -.0005493    .011344    -0.05   0.962    -.0235561    .0224575
       1978  |   .0804274   .0114263     7.04   0.000     .0572538    .1036009
       1979  |   .1371528   .0122531    11.19   0.000     .1123023    .1620032
       1980  |   .1152539   .0150055     7.68   0.000     .0848214    .1456864
       1981  |   .1401017   .0166342     8.42   0.000     .1063659    .1738375
       1982  |   .3070806   .0218836    14.03   0.000     .2626986    .3514625
       1983  |   .1753463   .0214165     8.19   0.000     .1319117    .2187809
       1984  |   .1678331   .0230031     7.30   0.000     .1211806    .2144855
       1985  |   .1669048   .0252475     6.61   0.000     .1157005    .2181092
       1986  |   .1639946   .0278846     5.88   0.000     .1074421    .2205472
       1987  |   .1489285   .0327933     4.54   0.000     .0824205    .2154364
       1988  |   .1294143   .0341239     3.79   0.001     .0602077    .1986209
       1989  |   .1314507   .0386758     3.40   0.002     .0530126    .2098889
       1990  |   .1154658    .041669     2.77   0.009     .0309572    .1999744
       1991  |   .1273375   .0446428     2.85   0.007     .0367976    .2178774
       1992  |   .1292121   .0485954     2.66   0.012     .0306561     .227768
       1993  |   .1426844   .0523448     2.73   0.010     .0365242    .2488446
       1994  |   .1416682   .0557957     2.54   0.016     .0285093    .2548272
       1995  |   .1936629   .0591261     3.28   0.002     .0737497    .3135762
       1996  |   .1650812   .0657453     2.51   0.017     .0317436    .2984189
       1997  |   .1810316   .0678253     2.67   0.011     .0434755    .3185877
       1998  |   .1593689   .0698853     2.28   0.029      .017635    .3011028
       1999  |   .1509728   .0739823     2.04   0.049     .0009298    .3010159
       2000  |   .1865523   .0726801     2.57   0.015     .0391502    .3339543
       2001  |   .1818048   .0761969     2.39   0.022     .0272704    .3363393
       2002  |   .1683727   .0763593     2.21   0.034     .0135089    .3232366
       2003  |   .1723022   .0781085     2.21   0.034     .0138908    .3307136
       2004  |   .1660212   .0788725     2.10   0.042     .0060603    .3259821
       2005  |   .1969132   .0820117     2.40   0.022     .0305857    .3632407
       2006  |   .1752683   .0825584     2.12   0.041     .0078321    .3427045
             |
       _cons |  -.4122447   .0284226   -14.50   0.000    -.4698884   -.3546011
------------------------------------------------------------------------------

